Archive member included to satisfy reference by file (symbol)

/usr/lib/gcc/arm-none-eabi/13.2.1/thumb/v6-m/nofp/libgcc.a(_dvmd_tls.o)
                              CMakeFiles/app.dir/home/gowtham/Projects/pico-sdk/src/rp2_common/pico_divider/divider_hardware.S.obj (__aeabi_idiv0)
/usr/lib/gcc/arm-none-eabi/13.2.1/../../../arm-none-eabi/lib/thumb/v6-m/nofp/libg.a(libc_a-calloc.o)
                              CMakeFiles/app.dir/home/gowtham/Projects/pico-sdk/src/rp2_common/pico_malloc/malloc.c.obj (calloc)
/usr/lib/gcc/arm-none-eabi/13.2.1/../../../arm-none-eabi/lib/thumb/v6-m/nofp/libg.a(libc_a-impure.o)
                              /usr/lib/gcc/arm-none-eabi/13.2.1/../../../arm-none-eabi/lib/thumb/v6-m/nofp/libg.a(libc_a-calloc.o) (_impure_ptr)
/usr/lib/gcc/arm-none-eabi/13.2.1/../../../arm-none-eabi/lib/thumb/v6-m/nofp/libg.a(libc_a-callocr.o)
                              /usr/lib/gcc/arm-none-eabi/13.2.1/../../../arm-none-eabi/lib/thumb/v6-m/nofp/libg.a(libc_a-calloc.o) (_calloc_r)
/usr/lib/gcc/arm-none-eabi/13.2.1/../../../arm-none-eabi/lib/thumb/v6-m/nofp/libg.a(libc_a-realloc.o)
                              CMakeFiles/app.dir/home/gowtham/Projects/pico-sdk/src/rp2_common/pico_malloc/malloc.c.obj (realloc)
/usr/lib/gcc/arm-none-eabi/13.2.1/../../../arm-none-eabi/lib/thumb/v6-m/nofp/libg.a(libc_a-mallocr.o)
                              /usr/lib/gcc/arm-none-eabi/13.2.1/../../../arm-none-eabi/lib/thumb/v6-m/nofp/libg.a(libc_a-callocr.o) (_malloc_r)
/usr/lib/gcc/arm-none-eabi/13.2.1/../../../arm-none-eabi/lib/thumb/v6-m/nofp/libg.a(libc_a-freer.o)
                              /usr/lib/gcc/arm-none-eabi/13.2.1/../../../arm-none-eabi/lib/thumb/v6-m/nofp/libg.a(libc_a-mallocr.o) (_free_r)
/usr/lib/gcc/arm-none-eabi/13.2.1/../../../arm-none-eabi/lib/thumb/v6-m/nofp/libg.a(libc_a-memcmp.o)
                              CMakeFiles/app.dir/home/gowtham/Projects/pico-sdk/src/rp2_common/pico_atomic/atomic.c.obj (memcmp)
/usr/lib/gcc/arm-none-eabi/13.2.1/../../../arm-none-eabi/lib/thumb/v6-m/nofp/libg.a(libc_a-malloc.o)
                              CMakeFiles/app.dir/home/gowtham/Projects/pico-sdk/src/rp2_common/pico_malloc/malloc.c.obj (malloc)
/usr/lib/gcc/arm-none-eabi/13.2.1/../../../arm-none-eabi/lib/thumb/v6-m/nofp/libg.a(libc_a-sysconf.o)
                              /usr/lib/gcc/arm-none-eabi/13.2.1/../../../arm-none-eabi/lib/thumb/v6-m/nofp/libg.a(libc_a-mallocr.o) (sysconf)
/usr/lib/gcc/arm-none-eabi/13.2.1/../../../arm-none-eabi/lib/thumb/v6-m/nofp/libg.a(libc_a-init.o)
                              /usr/lib/gcc/arm-none-eabi/13.2.1/../../../arm-none-eabi/lib/thumb/v6-m/nofp/crt0.o (__libc_init_array)
/usr/lib/gcc/arm-none-eabi/13.2.1/../../../arm-none-eabi/lib/thumb/v6-m/nofp/libg.a(libc_a-reallocr.o)
                              /usr/lib/gcc/arm-none-eabi/13.2.1/../../../arm-none-eabi/lib/thumb/v6-m/nofp/libg.a(libc_a-realloc.o) (_realloc_r)
/usr/lib/gcc/arm-none-eabi/13.2.1/../../../arm-none-eabi/lib/thumb/v6-m/nofp/libg.a(libc_a-mktime.o)
                              CMakeFiles/app.dir/home/gowtham/Projects/pico-sdk/src/common/pico_util/datetime.c.obj (mktime)
/usr/lib/gcc/arm-none-eabi/13.2.1/../../../arm-none-eabi/lib/thumb/v6-m/nofp/libg.a(libc_a-mlock.o)
                              /usr/lib/gcc/arm-none-eabi/13.2.1/../../../arm-none-eabi/lib/thumb/v6-m/nofp/libg.a(libc_a-mallocr.o) (__malloc_lock)
/usr/lib/gcc/arm-none-eabi/13.2.1/../../../arm-none-eabi/lib/thumb/v6-m/nofp/libg.a(libc_a-findfp.o)
                              /usr/lib/gcc/arm-none-eabi/13.2.1/../../../arm-none-eabi/lib/thumb/v6-m/nofp/libg.a(libc_a-impure.o) (__sf)
/usr/lib/gcc/arm-none-eabi/13.2.1/../../../arm-none-eabi/lib/thumb/v6-m/nofp/libg.a(libc_a-tzlock.o)
                              /usr/lib/gcc/arm-none-eabi/13.2.1/../../../arm-none-eabi/lib/thumb/v6-m/nofp/libg.a(libc_a-mktime.o) (__tz_lock)
/usr/lib/gcc/arm-none-eabi/13.2.1/../../../arm-none-eabi/lib/thumb/v6-m/nofp/libg.a(libc_a-atexit.o)
                              /usr/lib/gcc/arm-none-eabi/13.2.1/../../../arm-none-eabi/lib/thumb/v6-m/nofp/crt0.o (atexit)
/usr/lib/gcc/arm-none-eabi/13.2.1/../../../arm-none-eabi/lib/thumb/v6-m/nofp/libg.a(libc_a-lcltime_r.o)
                              CMakeFiles/app.dir/home/gowtham/Projects/pico-sdk/src/common/pico_util/datetime.c.obj (localtime_r)
/usr/lib/gcc/arm-none-eabi/13.2.1/../../../arm-none-eabi/lib/thumb/v6-m/nofp/libg.a(libc_a-strlen-stub.o)
                              CMakeFiles/app.dir/home/gowtham/Projects/pico-sdk/src/rp2_common/pico_stdio/stdio.c.obj (strlen)
/usr/lib/gcc/arm-none-eabi/13.2.1/../../../arm-none-eabi/lib/thumb/v6-m/nofp/libg.a(libc_a-sbrkr.o)
                              /usr/lib/gcc/arm-none-eabi/13.2.1/../../../arm-none-eabi/lib/thumb/v6-m/nofp/libg.a(libc_a-mallocr.o) (_sbrk_r)
/usr/lib/gcc/arm-none-eabi/13.2.1/../../../arm-none-eabi/lib/thumb/v6-m/nofp/libg.a(libc_a-fini.o)
[...]
Memory Configuration

Name             Origin             Length             Attributes
FLASH            0x10000000         0x00200000         xr
RAM              0x20000000         0x00040000         xrw
SCRATCH_X        0x20040000         0x00001000         xrw
SCRATCH_Y        0x20041000         0x00001000         xrw
*default*        0x00000000         0xffffffff

Linker script and memory map

LOAD /usr/lib/gcc/arm-none-eabi/13.2.1/thumb/v6-m/nofp/crti.o
LOAD /usr/lib/gcc/arm-none-eabi/13.2.1/thumb/v6-m/nofp/crtbegin.o
LOAD /usr/lib/gcc/arm-none-eabi/13.2.1/../../../arm-none-eabi/lib/thumb/v6-m/nofp/crt0.o

.flash_begin    0x10000000        0x0
                0x10000000                        __flash_binary_start = .

.boot2          0x10000000      0x100
                0x10000000                        __boot2_start__ = .
 *(.boot2)
 .boot2         0x10000000      0x100 /tmp/ccxac39g.o
                0x10000100                        __boot2_end__ = .
                0x00000001                        ASSERT (((__boot2_end__ - __boot2_start__) == 0x100), ERROR: Pico second stage bootloader must be 256 bytes in size)

.text           0x10000100     0x4e0c
                0x10000100                        __logical_binary_start = .
 *(.vectors)
 .vectors       0x10000100       0xd4 CMakeFiles/app.dir/home/gowtham/Projects/pico-sdk/src/rp2_common/pico_crt0/crt0.S.obj
                0x10000100                __vectors
                0x10000100                __VECTOR_TABLE
                0x100001c0                isr_invalid
                0x100001c0                __default_isrs_start
                0x100001c2                isr_nmi
                0x100001c4                isr_hardfault
                0x100001c6                isr_svcall
                0x100001c8                isr_pendsv
                0x100001ca                isr_systick
                0x100001cc                isr_irq30
                0x100001cc                __unhandled_user_irq
                0x100001cc                isr_irq13
                0x100001cc                isr_irq27
                0x100001cc                isr_irq31
                0x100001cc                isr_irq5
                0x100001cc                isr_irq11
                0x100001cc                isr_irq23
                0x100001cc                isr_irq18
                0x100001cc                isr_irq28
                0x100001cc                isr_irq19
                0x100001cc                isr_irq0
                0x100001cc                isr_irq6
                0x100001cc                isr_irq22
                0x100001cc                isr_irq17
                0x100001cc                isr_irq14
                0x100001cc                isr_irq2
                0x100001cc                isr_irq10
                0x100001cc                isr_irq8
                0x100001cc                isr_irq24
                0x100001cc                isr_irq1
                0x100001cc                isr_irq7
                0x100001cc                isr_irq21
                0x100001cc                isr_irq20
                0x100001cc                isr_irq15
                0x100001cc                isr_irq25
                0x100001cc                isr_irq4
                0x100001cc                isr_irq16
                0x100001cc                isr_irq29
                0x100001cc                isr_irq26
                0x100001cc                __default_isrs_end
                0x100001cc                isr_irq3
                0x100001cc                isr_irq12
                0x100001cc                isr_irq9
                0x100001d2                unhandled_user_irq_num_in_r0
 *(.binary_info_header)
 .binary_info_header
                0x100001d4       0x14 CMakeFiles/app.dir/home/gowtham/Projects/pico-sdk/src/rp2_common/pico_crt0/crt0.S.obj
                0x100001e8                        __binary_info_header_end = .
 *(.embedded_block)
                0x100001e8                        __embedded_block_end = .
 *(.reset)
 .reset         0x100001e8       0x9c CMakeFiles/app.dir/home/gowtham/Projects/pico-sdk/src/rp2_common/pico_crt0/crt0.S.obj
                0x100001e8                _entry_point
 *(.init)
 .init          0x10000284        0x4 /usr/lib/gcc/arm-none-eabi/13.2.1/thumb/v6-m/nofp/crti.o
                0x10000284                _init
 *(EXCLUDE_FILE(*libm.a: *libc.a:*lib_a-mem*.o *libgcc.a:) .text*)
 .text          0x10000288       0x98 /usr/lib/gcc/arm-none-eabi/13.2.1/thumb/v6-m/nofp/crtbegin.o
 .text.vTemperatureTask
                0x10000320       0x9c CMakeFiles/app.dir/main.c.obj
                0x10000320                vTemperatureTask
 .text.vBlinkTask
                0x100003bc       0x38 CMakeFiles/app.dir/main.c.obj
                0x100003bc                vBlinkTask
 .text.startup.main
                0x100003f4       0x50 CMakeFiles/app.dir/main.c.obj
                0x100003f4                main
 .text.gpio_init
                0x10000444       0x40 CMakeFiles/app.dir/home/gowtham/Projects/pico-sdk/src/rp2_common/hardware_gpio/gpio.c.obj
                0x10000444                gpio_init
 .text.panic    0x10000484       0x30 CMakeFiles/app.dir/home/gowtham/Projects/pico-sdk/src/rp2_common/pico_platform_panic/panic.c.obj
                0x10000484                panic
 .text.panic_unsupported
                0x100004b4        0xc CMakeFiles/app.dir/home/gowtham/Projects/pico-sdk/src/rp2_common/pico_platform_panic/panic.c.obj
                0x100004b4                panic_unsupported
 .text.hw_claim_or_assert
                0x100004c0       0x44 CMakeFiles/app.dir/home/gowtham/Projects/pico-sdk/src/common/hardware_claim/claim.c.obj
                0x100004c0                hw_claim_or_assert
 .text.next_striped_spin_lock_num
                0x10000504       0x18 CMakeFiles/app.dir/home/gowtham/Projects/pico-sdk/src/rp2_common/hardware_sync/sync.c.obj
                0x10000504                next_striped_spin_lock_num
 .text.spin_lock_claim
                0x1000051c       0x18 CMakeFiles/app.dir/home/gowtham/Projects/pico-sdk/src/rp2_common/hardware_sync/sync.c.obj
                0x1000051c                spin_lock_claim
 .text.spin_locks_reset
                0x10000534       0x1c CMakeFiles/app.dir/home/gowtham/Projects/pico-sdk/src/rp2_common/hardware_sync_spin_lock/sync_spin_lock.c.obj
                0x10000534                spin_locks_reset
 .text.runtime_init_per_core_irq_priorities
                0x10000550       0x24 CMakeFiles/app.dir/home/gowtham/Projects/pico-sdk/src/rp2_common/hardware_irq/irq.c.obj
                0x10000550                runtime_init_per_core_irq_priorities
 .text.irq_set_enabled
                0x10000574       0x24 CMakeFiles/app.dir/home/gowtham/Projects/pico-sdk/src/rp2_common/hardware_irq/irq.c.obj
                0x10000574                irq_set_enabled
 .text.irq_is_enabled
                0x10000598       0x18 CMakeFiles/app.dir/home/gowtham/Projects/pico-sdk/src/rp2_common/hardware_irq/irq.c.obj
                0x10000598                irq_is_enabled
 .text.irq_set_exclusive_handler
                0x100005b0       0x54 CMakeFiles/app.dir/home/gowtham/Projects/pico-sdk/src/rp2_common/hardware_irq/irq.c.obj
                0x100005b0                irq_set_exclusive_handler
 .text.irq_set_priority
                0x10000604       0x28 CMakeFiles/app.dir/home/gowtham/Projects/pico-sdk/src/rp2_common/hardware_irq/irq.c.obj
                0x10000604                irq_set_priority
 .text.lock_init
                0x1000062c       0x10 CMakeFiles/app.dir/home/gowtham/Projects/pico-sdk/src/common/pico_sync/lock_core.c.obj
                0x1000062c                lock_init
 .text.runtime_init_mutex
                0x1000063c       0x54 CMakeFiles/app.dir/home/gowtham/Projects/pico-sdk/src/common/pico_sync/mutex.c.obj
                0x1000063c                runtime_init_mutex
 .text.alarm_pool_irq_handler
                0x10000690      0x2e4 CMakeFiles/app.dir/home/gowtham/Projects/pico-sdk/src/common/pico_time/time.c.obj
 .text.sleep_until_callback
                0x10000974       0x24 CMakeFiles/app.dir/home/gowtham/Projects/pico-sdk/src/common/pico_time/time.c.obj
 .text.runtime_init_default_alarm_pool
                0x10000998       0xdc CMakeFiles/app.dir/home/gowtham/Projects/pico-sdk/src/common/pico_time/time.c.obj
                0x10000998                runtime_init_default_alarm_pool
 .text.alarm_pool_cancel_alarm
                0x10000a74       0x74 CMakeFiles/app.dir/home/gowtham/Projects/pico-sdk/src/common/pico_time/time.c.obj
                0x10000a74                alarm_pool_cancel_alarm
 .text.best_effort_wfe_or_timeout
                0x10000ae8      0x134 CMakeFiles/app.dir/home/gowtham/Projects/pico-sdk/src/common/pico_time/time.c.obj
                0x10000ae8                best_effort_wfe_or_timeout
 .text.timer_hardware_alarm_claim
                0x10000c1c       0x14 CMakeFiles/app.dir/home/gowtham/Projects/pico-sdk/src/rp2_common/hardware_timer/timer.c.obj
                0x10000c1c                timer_hardware_alarm_claim
 .text.timer_time_us_64
                0x10000c30       0x10 CMakeFiles/app.dir/home/gowtham/Projects/pico-sdk/src/rp2_common/hardware_timer/timer.c.obj
                0x10000c30                timer_time_us_64
 .text.time_us_64
                0x10000c40       0x14 CMakeFiles/app.dir/home/gowtham/Projects/pico-sdk/src/rp2_common/hardware_timer/timer.c.obj
                0x10000c40                time_us_64
 .text.clock_configure_int_divider
                0x10000c54       0xf4 CMakeFiles/app.dir/home/gowtham/Projects/pico-sdk/src/rp2_common/hardware_clocks/clocks.c.obj
                0x10000c54                clock_configure_int_divider
 .text.clock_configure_undivided
                0x10000d48       0xe8 CMakeFiles/app.dir/home/gowtham/Projects/pico-sdk/src/rp2_common/hardware_clocks/clocks.c.obj
                0x10000d48                clock_configure_undivided
 .text.clock_get_hz
                0x10000e30        0xc CMakeFiles/app.dir/home/gowtham/Projects/pico-sdk/src/rp2_common/hardware_clocks/clocks.c.obj
                0x10000e30                clock_get_hz
 .text.pll_init
                0x10000e3c       0xa4 CMakeFiles/app.dir/home/gowtham/Projects/pico-sdk/src/rp2_common/hardware_pll/pll.c.obj
                0x10000e3c                pll_init
 .text.tick_start
                0x10000ee0       0x10 CMakeFiles/app.dir/home/gowtham/Projects/pico-sdk/src/rp2_common/hardware_ticks/ticks.c.obj
                0x10000ee0                tick_start
 .text.xosc_init
                0x10000ef0       0x28 CMakeFiles/app.dir/home/gowtham/Projects/pico-sdk/src/rp2_common/hardware_xosc/xosc.c.obj
                0x10000ef0                xosc_init
 .text.first_per_core_initializer
                0x10000f18        0x4 CMakeFiles/app.dir/home/gowtham/Projects/pico-sdk/src/rp2_common/pico_runtime/runtime.c.obj
 .text.hard_assertion_failure
                0x10000f1c        0xc CMakeFiles/app.dir/home/gowtham/Projects/pico-sdk/src/rp2_common/pico_runtime/runtime.c.obj
                0x10000f1c                hard_assertion_failure
 .text.runtime_run_initializers
                0x10000f28       0x28 CMakeFiles/app.dir/home/gowtham/Projects/pico-sdk/src/rp2_common/pico_runtime/runtime.c.obj
                0x10000f28                runtime_run_initializers
 .text.runtime_run_per_core_initializers
                0x10000f50       0x28 CMakeFiles/app.dir/home/gowtham/Projects/pico-sdk/src/rp2_common/pico_runtime/runtime.c.obj
                0x10000f50                runtime_run_per_core_initializers
 .text.runtime_init_early_resets
                0x10000f78       0x2c CMakeFiles/app.dir/home/gowtham/Projects/pico-sdk/src/rp2_common/pico_runtime_init/runtime_init.c.obj
                0x10000f78                runtime_init_early_resets
 .text.runtime_init_usb_power_down
                0x10000fa4       0x1c CMakeFiles/app.dir/home/gowtham/Projects/pico-sdk/src/rp2_common/pico_runtime_init/runtime_init.c.obj
                0x10000fa4                runtime_init_usb_power_down
 .text.runtime_init_post_clock_resets
                0x10000fc0       0x20 CMakeFiles/app.dir/home/gowtham/Projects/pico-sdk/src/rp2_common/pico_runtime_init/runtime_init.c.obj
                0x10000fc0                runtime_init_post_clock_resets
 .text.runtime_init_rp2040_gpio_ie_disable
                0x10000fe0       0x14 CMakeFiles/app.dir/home/gowtham/Projects/pico-sdk/src/rp2_common/pico_runtime_init/runtime_init.c.obj
                0x10000fe0                runtime_init_rp2040_gpio_ie_disable
 .text.runtime_init_spin_locks_reset
                0x10000ff4        0x8 CMakeFiles/app.dir/home/gowtham/Projects/pico-sdk/src/rp2_common/pico_runtime_init/runtime_init.c.obj
                0x10000ff4                runtime_init_spin_locks_reset
 .text.runtime_init_install_ram_vector_table
                0x10000ffc       0x1c CMakeFiles/app.dir/home/gowtham/Projects/pico-sdk/src/rp2_common/pico_runtime_init/runtime_init.c.obj
                0x10000ffc                runtime_init_install_ram_vector_table
 .text.runtime_init_clocks
                0x10001018       0xd8 CMakeFiles/app.dir/home/gowtham/Projects/pico-sdk/src/rp2_common/pico_runtime_init/runtime_init_clocks.c.obj
                0x10001018                runtime_init_clocks
 .text          0x100010f0       0x10 CMakeFiles/app.dir/home/gowtham/Projects/pico-sdk/src/rp2_common/pico_bit_ops/bit_ops_aeabi.S.obj
 .text.clzsi    0x10001100        0xc CMakeFiles/app.dir/home/gowtham/Projects/pico-sdk/src/rp2_common/pico_bit_ops/bit_ops_aeabi.S.obj
                0x10001100                __wrap___clz
                0x10001100                __wrap___clzsi2
                0x10001100                __wrap___clzl
 .text.rom_func_lookup
                0x1000110c       0x10 CMakeFiles/app.dir/home/gowtham/Projects/pico-sdk/src/rp2_common/pico_bootrom/bootrom.c.obj
                0x1000110c                rom_func_lookup
 .text.rom_data_lookup
                0x1000111c       0x10 CMakeFiles/app.dir/home/gowtham/Projects/pico-sdk/src/rp2_common/pico_bootrom/bootrom.c.obj
                0x1000111c                rom_data_lookup
 .text.rom_funcs_lookup
                0x1000112c       0x44 CMakeFiles/app.dir/home/gowtham/Projects/pico-sdk/src/rp2_common/pico_bootrom/bootrom.c.obj
                0x1000112c                rom_funcs_lookup
 .text.__wrap___aeabi_uidiv
                0x10001170       0x4c CMakeFiles/app.dir/home/gowtham/Projects/pico-sdk/src/rp2_common/pico_divider/divider_hardware.S.obj
                0x10001170                __wrap___aeabi_uidiv
                0x10001170                __wrap___aeabi_uidivmod
                0x10001170                div_u32u32
                0x10001170                divmod_u32u32
                0x10001178                divmod_u32u32_unsafe
                0x100011a0                divmod_u32u32_savestate
 .text.__wrap___aeabi_ldiv
                0x100011bc      0x424 CMakeFiles/app.dir/home/gowtham/Projects/pico-sdk/src/rp2_common/pico_divider/divider_hardware.S.obj
                0x100011bc                div_s64s64
                0x100011bc                divmod_s64s64
                0x100011bc                __wrap___aeabi_ldivmod
                0x100011ec                div_u64u64
                0x100011ec                divmod_u64u64
                0x100011ec                __wrap___aeabi_uldivmod
                0x100011fc                divmod_u64u64_savestate
                0x1000121c                divmod_s64s64_unsafe
                0x100012a4                divmod_u64u64_unsafe
 .text.__aeabi_double_init
                0x100015e0       0xa4 CMakeFiles/app.dir/home/gowtham/Projects/pico-sdk/src/rp2_common/pico_double/double_init_rom_rp2040.c.obj
                0x100015e0                __aeabi_double_init
 .text.double_table_shim_on_use_helper
                0x10001684       0x2c CMakeFiles/app.dir/home/gowtham/Projects/pico-sdk/src/rp2_common/pico_double/double_v1_rom_shim_rp2040.S.obj
                0x10001684                double_table_shim_on_use_helper
 .text.__wrap___aeabi_farithmetic
                0x100016b0       0x48 CMakeFiles/app.dir/home/gowtham/Projects/pico-sdk/src/rp2_common/pico_float/float_aeabi_rp2040.S.obj
                0x100016b0                __wrap___aeabi_frsub
                0x100016b6                __wrap___aeabi_fsub
                0x100016bc                __wrap___aeabi_fadd
                0x100016c2                __wrap___aeabi_fdiv
                0x100016ea                __wrap___aeabi_fmul
 .text.__wrap___aeabi_cfcmple
                0x100016f8       0x50 CMakeFiles/app.dir/home/gowtham/Projects/pico-sdk/src/rp2_common/pico_float/float_aeabi_rp2040.S.obj
                0x100016f8                __wrap___aeabi_cfrcmple
                0x10001704                __wrap___aeabi_cfcmpeq
                0x10001704                __wrap___aeabi_cfcmple
 .text.__wrap___aeabi_fcmpge
                0x10001748       0x10 CMakeFiles/app.dir/home/gowtham/Projects/pico-sdk/src/rp2_common/pico_float/float_aeabi_rp2040.S.obj
                0x10001748                __wrap___aeabi_fcmpge
 .text.__wrap___aeabi_i2f
                0x10001758       0x44 CMakeFiles/app.dir/home/gowtham/Projects/pico-sdk/src/rp2_common/pico_float/float_aeabi_rp2040.S.obj
                0x10001758                int2float
                0x10001758                __wrap___aeabi_i2f
 .text.__aeabi_float_init
                0x1000179c       0x64 CMakeFiles/app.dir/home/gowtham/Projects/pico-sdk/src/rp2_common/pico_float/float_init_rom_rp2040.c.obj
                0x1000179c                __aeabi_float_init
 .text.float_table_shim_on_use_helper
                0x10001800       0x2c CMakeFiles/app.dir/home/gowtham/Projects/pico-sdk/src/rp2_common/pico_float/float_v1_rom_shim_rp2040.S.obj
                0x10001800                float_table_shim_on_use_helper
 .text          0x1000182c       0x10 CMakeFiles/app.dir/home/gowtham/Projects/pico-sdk/src/rp2_common/pico_mem_ops/mem_ops_aeabi.S.obj
                0x1000182c                __aeabi_mem_init
 .text.memset   0x1000183c        0xc CMakeFiles/app.dir/home/gowtham/Projects/pico-sdk/src/rp2_common/pico_mem_ops/mem_ops_aeabi.S.obj
                0x1000183c                __wrap_memset
 .text.memcpy   0x10001848        0xc CMakeFiles/app.dir/home/gowtham/Projects/pico-sdk/src/rp2_common/pico_mem_ops/mem_ops_aeabi.S.obj
                0x10001848                __wrap___aeabi_memcpy
                0x10001848                __wrap_memcpy
 .text._out_char
                0x10001854       0x10 CMakeFiles/app.dir/home/gowtham/Projects/pico-sdk/src/rp2_common/pico_printf/printf.c.obj
 .text.weak_raw_vprintf
                0x10001864       0x30 CMakeFiles/app.dir/home/gowtham/Projects/pico-sdk/src/rp2_common/pico_printf/printf.c.obj
                0x10001864                weak_raw_vprintf
 .text._exit    0x10001894        0x4 CMakeFiles/app.dir/home/gowtham/Projects/pico-sdk/src/rp2_common/pico_clib_interface/newlib_interface.c.obj
                0x10001894                _exit
 .text.exit     0x10001898        0x8 CMakeFiles/app.dir/home/gowtham/Projects/pico-sdk/src/rp2_common/pico_clib_interface/newlib_interface.c.obj
                0x10001898                exit
 .text.runtime_init
                0x100018a0       0x2c CMakeFiles/app.dir/home/gowtham/Projects/pico-sdk/src/rp2_common/pico_clib_interface/newlib_interface.c.obj
                0x100018a0                runtime_init
 .text.stdio_out_chars_no_crlf
                0x100018cc       0x10 CMakeFiles/app.dir/home/gowtham/Projects/pico-sdk/src/rp2_common/pico_stdio/stdio.c.obj
 .text.stdio_out_chars_crlf
                0x100018dc       0x94 CMakeFiles/app.dir/home/gowtham/Projects/pico-sdk/src/rp2_common/pico_stdio/stdio.c.obj
 .text.stdio_put_string
                0x10001970      0x100 CMakeFiles/app.dir/home/gowtham/Projects/pico-sdk/src/rp2_common/pico_stdio/stdio.c.obj
                0x10001970                stdio_put_string
 .text.__wrap_putchar
                0x10001a70       0x98 CMakeFiles/app.dir/home/gowtham/Projects/pico-sdk/src/rp2_common/pico_stdio/stdio.c.obj
                0x10001a70                stdio_putchar
                0x10001a70                __wrap_putchar
 .text.__wrap_puts
                0x10001b08       0x3c CMakeFiles/app.dir/home/gowtham/Projects/pico-sdk/src/rp2_common/pico_stdio/stdio.c.obj
                0x10001b08                __wrap_puts
                0x10001b08                stdio_puts
 .text.startup._retrieve_unique_id_on_boot
                0x10001b44       0x10 CMakeFiles/app.dir/home/gowtham/Projects/pico-sdk/src/rp2_common/pico_unique_id/unique_id.c.obj
 .text.flash_get_unique_id
                0x10001b54       0x3c CMakeFiles/app.dir/home/gowtham/Projects/pico-sdk/src/rp2_common/hardware_flash/flash.c.obj
                0x10001b54                flash_get_unique_id
 .text.vPortSVCHandler
                0x10001b90        0x4 CMakeFiles/app.dir/home/gowtham/Projects/FreeRTOS-Kernel/portable/ThirdParty/GCC/RP2040/port.c.obj
                0x10001b90                vPortSVCHandler
 *fill*         0x10001b94        0xc 
 .text.vPortStartFirstTask
                0x10001ba0       0x38 CMakeFiles/app.dir/home/gowtham/Projects/FreeRTOS-Kernel/portable/ThirdParty/GCC/RP2040/port.c.obj
 .text.prvFIFOInterruptHandler
                0x10001bd8       0x2c CMakeFiles/app.dir/home/gowtham/Projects/FreeRTOS-Kernel/portable/ThirdParty/GCC/RP2040/port.c.obj
 *fill*         0x10001c04        0xc 
 .text.xPortPendSVHandler
                0x10001c10       0x78 CMakeFiles/app.dir/home/gowtham/Projects/FreeRTOS-Kernel/portable/ThirdParty/GCC/RP2040/port.c.obj
                0x10001c10                xPortPendSVHandler
 .text.xPortSysTickHandler
                0x10001c88       0x2c CMakeFiles/app.dir/home/gowtham/Projects/FreeRTOS-Kernel/portable/ThirdParty/GCC/RP2040/port.c.obj
                0x10001c88                xPortSysTickHandler
 .text.prvTaskExitError
                0x10001cb4        0x8 CMakeFiles/app.dir/home/gowtham/Projects/FreeRTOS-Kernel/portable/ThirdParty/GCC/RP2040/port.c.obj
 .text.pxPortInitialiseStack
                0x10001cbc       0x20 CMakeFiles/app.dir/home/gowtham/Projects/FreeRTOS-Kernel/portable/ThirdParty/GCC/RP2040/port.c.obj
                0x10001cbc                pxPortInitialiseStack
 .text.vPortYield
                0x10001cdc       0x18 CMakeFiles/app.dir/home/gowtham/Projects/FreeRTOS-Kernel/portable/ThirdParty/GCC/RP2040/port.c.obj
                0x10001cdc                vPortYield
 .text.vPortEnableInterrupts
                0x10001cf4       0x30 CMakeFiles/app.dir/home/gowtham/Projects/FreeRTOS-Kernel/portable/ThirdParty/GCC/RP2040/port.c.obj
                0x10001cf4                vPortEnableInterrupts
 .text.vYieldCore
                0x10001d24        0xc CMakeFiles/app.dir/home/gowtham/Projects/FreeRTOS-Kernel/portable/ThirdParty/GCC/RP2040/port.c.obj
                0x10001d24                vYieldCore
 .text.vPortSetupTimerInterrupt
                0x10001d30       0x34 CMakeFiles/app.dir/home/gowtham/Projects/FreeRTOS-Kernel/portable/ThirdParty/GCC/RP2040/port.c.obj
                0x10001d30                vPortSetupTimerInterrupt
 .text.xPortStartSchedulerOnCore.isra.0
                0x10001d64       0xa4 CMakeFiles/app.dir/home/gowtham/Projects/FreeRTOS-Kernel/portable/ThirdParty/GCC/RP2040/port.c.obj
 .text.prvDisableInterruptsAndPortStartSchedulerOnCore
                0x10001e08        0xc CMakeFiles/app.dir/home/gowtham/Projects/FreeRTOS-Kernel/portable/ThirdParty/GCC/RP2040/port.c.obj
 .text.xPortStartScheduler
                0x10001e14       0x28 CMakeFiles/app.dir/home/gowtham/Projects/FreeRTOS-Kernel/portable/ThirdParty/GCC/RP2040/port.c.obj
                0x10001e14                xPortStartScheduler
 .text.ulPortLockGetCurrentOwnerId
                0x10001e3c       0x30 CMakeFiles/app.dir/home/gowtham/Projects/FreeRTOS-Kernel/portable/ThirdParty/GCC/RP2040/port.c.obj
                0x10001e3c                ulPortLockGetCurrentOwnerId
 .text.vPortLockInternalSpinUnlockWithNotify
                0x10001e6c       0x84 CMakeFiles/app.dir/home/gowtham/Projects/FreeRTOS-Kernel/portable/ThirdParty/GCC/RP2040/port.c.obj
                0x10001e6c                vPortLockInternalSpinUnlockWithNotify
 .text.xPortLockInternalSpinUnlockWithBestEffortWaitOrTimeout
                0x10001ef0       0xec CMakeFiles/app.dir/home/gowtham/Projects/FreeRTOS-Kernel/portable/ThirdParty/GCC/RP2040/port.c.obj
                0x10001ef0                xPortLockInternalSpinUnlockWithBestEffortWaitOrTimeout
 .text.startup.prvRuntimeInitializer
                0x10001fdc       0x10 CMakeFiles/app.dir/home/gowtham/Projects/FreeRTOS-Kernel/portable/ThirdParty/GCC/RP2040/port.c.obj
 .text.vEventGroupSetBitsCallback
                0x10001fec       0x90 CMakeFiles/app.dir/home/gowtham/Projects/FreeRTOS-Kernel/event_groups.c.obj
                0x10001fec                vEventGroupSetBitsCallback
 .text.xEventGroupCreate
                0x1000207c       0x18 CMakeFiles/app.dir/home/gowtham/Projects/FreeRTOS-Kernel/event_groups.c.obj
                0x1000207c                xEventGroupCreate
 .text.xEventGroupWaitBits
                0x10002094       0xb8 CMakeFiles/app.dir/home/gowtham/Projects/FreeRTOS-Kernel/event_groups.c.obj
                0x10002094                xEventGroupWaitBits
 .text.xEventGroupSetBits
                0x1000214c       0x94 CMakeFiles/app.dir/home/gowtham/Projects/FreeRTOS-Kernel/event_groups.c.obj
                0x1000214c                xEventGroupSetBits
 .text.xEventGroupSetBitsFromISR
                0x100021e0       0x18 CMakeFiles/app.dir/home/gowtham/Projects/FreeRTOS-Kernel/event_groups.c.obj
                0x100021e0                xEventGroupSetBitsFromISR
 .text.vListInitialise
                0x100021f8       0x18 CMakeFiles/app.dir/home/gowtham/Projects/FreeRTOS-Kernel/list.c.obj
                0x100021f8                vListInitialise
 .text.vListInitialiseItem
                0x10002210        0x8 CMakeFiles/app.dir/home/gowtham/Projects/FreeRTOS-Kernel/list.c.obj
                0x10002210                vListInitialiseItem
 .text.vListInsertEnd
                0x10002218       0x18 CMakeFiles/app.dir/home/gowtham/Projects/FreeRTOS-Kernel/list.c.obj
                0x10002218                vListInsertEnd
 .text.vListInsert
                0x10002230       0x30 CMakeFiles/app.dir/home/gowtham/Projects/FreeRTOS-Kernel/list.c.obj
                0x10002230                vListInsert
 .text.uxListRemove
                0x10002260       0x24 CMakeFiles/app.dir/home/gowtham/Projects/FreeRTOS-Kernel/list.c.obj
                0x10002260                uxListRemove
 .text.prvUnlockQueue
                0x10002284      0x180 CMakeFiles/app.dir/home/gowtham/Projects/FreeRTOS-Kernel/queue.c.obj
 .text.prvNotifyQueueSetContainer
                0x10002404       0x88 CMakeFiles/app.dir/home/gowtham/Projects/FreeRTOS-Kernel/queue.c.obj
 .text.xQueueGenericCreate
                0x1000248c       0x6c CMakeFiles/app.dir/home/gowtham/Projects/FreeRTOS-Kernel/queue.c.obj
                0x1000248c                xQueueGenericCreate
 .text.xQueueGenericSend
                0x100024f8      0x1d8 CMakeFiles/app.dir/home/gowtham/Projects/FreeRTOS-Kernel/queue.c.obj
                0x100024f8                xQueueGenericSend
 .text.xQueueGenericSendFromISR
                0x100026d0      0x12c CMakeFiles/app.dir/home/gowtham/Projects/FreeRTOS-Kernel/queue.c.obj
                0x100026d0                xQueueGenericSendFromISR
 .text.xQueueReceive
                0x100027fc      0x11c CMakeFiles/app.dir/home/gowtham/Projects/FreeRTOS-Kernel/queue.c.obj
                0x100027fc                xQueueReceive
 .text.vQueueAddToRegistry
                0x10002918       0x60 CMakeFiles/app.dir/home/gowtham/Projects/FreeRTOS-Kernel/queue.c.obj
                0x10002918                vQueueAddToRegistry
 .text.vQueueWaitForMessageRestricted
                0x10002978       0x48 CMakeFiles/app.dir/home/gowtham/Projects/FreeRTOS-Kernel/queue.c.obj
                0x10002978                vQueueWaitForMessageRestricted
 .text.prvMinimalIdleTask
                0x100029c0       0x18 CMakeFiles/app.dir/home/gowtham/Projects/FreeRTOS-Kernel/tasks.c.obj
 .text.prvAddCurrentTaskToDelayedList
                0x100029d8       0xe0 CMakeFiles/app.dir/home/gowtham/Projects/FreeRTOS-Kernel/tasks.c.obj
 .text.prvCheckForRunStateChange.part.0
                0x10002ab8      0x194 CMakeFiles/app.dir/home/gowtham/Projects/FreeRTOS-Kernel/tasks.c.obj
 .text.vTaskSuspendAll.part.0
                0x10002c4c       0xf0 CMakeFiles/app.dir/home/gowtham/Projects/FreeRTOS-Kernel/tasks.c.obj
 .text.prvYieldForTask
                0x10002d3c       0xe0 CMakeFiles/app.dir/home/gowtham/Projects/FreeRTOS-Kernel/tasks.c.obj
 .text.vTaskSuspendAll
                0x10002e1c      0x100 CMakeFiles/app.dir/home/gowtham/Projects/FreeRTOS-Kernel/tasks.c.obj
                0x10002e1c                vTaskSuspendAll
 .text.xTaskGetTickCount
                0x10002f1c        0xc CMakeFiles/app.dir/home/gowtham/Projects/FreeRTOS-Kernel/tasks.c.obj
                0x10002f1c                xTaskGetTickCount
 .text.vTaskSwitchContext
                0x10002f28      0x340 CMakeFiles/app.dir/home/gowtham/Projects/FreeRTOS-Kernel/tasks.c.obj
                0x10002f28                vTaskSwitchContext
 .text.vTaskPlaceOnEventList
                0x10003268       0xe0 CMakeFiles/app.dir/home/gowtham/Projects/FreeRTOS-Kernel/tasks.c.obj
                0x10003268                vTaskPlaceOnEventList
 .text.vTaskPlaceOnUnorderedEventList
                0x10003348       0x48 CMakeFiles/app.dir/home/gowtham/Projects/FreeRTOS-Kernel/tasks.c.obj
                0x10003348                vTaskPlaceOnUnorderedEventList
 .text.vTaskPlaceOnEventListRestricted
                0x10003390      0x100 CMakeFiles/app.dir/home/gowtham/Projects/FreeRTOS-Kernel/tasks.c.obj
                0x10003390                vTaskPlaceOnEventListRestricted
 .text.xTaskRemoveFromEventList
                0x10003490      0x154 CMakeFiles/app.dir/home/gowtham/Projects/FreeRTOS-Kernel/tasks.c.obj
                0x10003490                xTaskRemoveFromEventList
 .text.vTaskInternalSetTimeOutState
                0x100035e4       0x18 CMakeFiles/app.dir/home/gowtham/Projects/FreeRTOS-Kernel/tasks.c.obj
                0x100035e4                vTaskInternalSetTimeOutState
 .text.xTaskCheckForTimeOut
                0x100035fc      0x280 CMakeFiles/app.dir/home/gowtham/Projects/FreeRTOS-Kernel/tasks.c.obj
                0x100035fc                xTaskCheckForTimeOut
 .text.vTaskMissedYield
                0x1000387c       0x14 CMakeFiles/app.dir/home/gowtham/Projects/FreeRTOS-Kernel/tasks.c.obj
                0x1000387c                vTaskMissedYield
 .text.xTaskGetCurrentTaskHandle
                0x10003890       0x1c CMakeFiles/app.dir/home/gowtham/Projects/FreeRTOS-Kernel/tasks.c.obj
                0x10003890                xTaskGetCurrentTaskHandle
 .text.xTaskGetSchedulerState
                0x100038ac      0x1ec CMakeFiles/app.dir/home/gowtham/Projects/FreeRTOS-Kernel/tasks.c.obj
                0x100038ac                xTaskGetSchedulerState
 .text.xTaskPriorityDisinherit
                0x10003a98       0x58 CMakeFiles/app.dir/home/gowtham/Projects/FreeRTOS-Kernel/tasks.c.obj
                0x10003a98                xTaskPriorityDisinherit
 .text.vTaskYieldWithinAPI
                0x10003af0       0x34 CMakeFiles/app.dir/home/gowtham/Projects/FreeRTOS-Kernel/tasks.c.obj
                0x10003af0                vTaskYieldWithinAPI
 .text.vTaskEnterCritical
                0x10003b24      0x10c CMakeFiles/app.dir/home/gowtham/Projects/FreeRTOS-Kernel/tasks.c.obj
                0x10003b24                vTaskEnterCritical
 .text.vTaskExitCritical
                0x10003c30       0xe4 CMakeFiles/app.dir/home/gowtham/Projects/FreeRTOS-Kernel/tasks.c.obj
                0x10003c30                vTaskExitCritical
 .text.prvIdleTask
                0x10003d14      0x188 CMakeFiles/app.dir/home/gowtham/Projects/FreeRTOS-Kernel/tasks.c.obj
 .text.xTaskCreateAffinitySet
                0x10003e9c      0x290 CMakeFiles/app.dir/home/gowtham/Projects/FreeRTOS-Kernel/tasks.c.obj
                0x10003e9c                xTaskCreateAffinitySet
 .text.xTaskCreate
                0x1000412c       0x1c CMakeFiles/app.dir/home/gowtham/Projects/FreeRTOS-Kernel/tasks.c.obj
                0x1000412c                xTaskCreate
 .text.vTaskStartScheduler
                0x10004148       0x94 CMakeFiles/app.dir/home/gowtham/Projects/FreeRTOS-Kernel/tasks.c.obj
                0x10004148                vTaskStartScheduler
 .text.xTaskIncrementTick
                0x100041dc      0x218 CMakeFiles/app.dir/home/gowtham/Projects/FreeRTOS-Kernel/tasks.c.obj
                0x100041dc                xTaskIncrementTick
 .text.xTaskResumeAll.part.0
                0x100043f4      0x118 CMakeFiles/app.dir/home/gowtham/Projects/FreeRTOS-Kernel/tasks.c.obj
 .text.xTaskResumeAll
                0x1000450c       0x18 CMakeFiles/app.dir/home/gowtham/Projects/FreeRTOS-Kernel/tasks.c.obj
                0x1000450c                xTaskResumeAll
 .text.vTaskDelay
                0x10004524       0x70 CMakeFiles/app.dir/home/gowtham/Projects/FreeRTOS-Kernel/tasks.c.obj
                0x10004524                vTaskDelay
 .text.vTaskRemoveFromUnorderedEventList
                0x10004594       0x50 CMakeFiles/app.dir/home/gowtham/Projects/FreeRTOS-Kernel/tasks.c.obj
                0x10004594                vTaskRemoveFromUnorderedEventList
 .text.uxTaskResetEventItemValue
                0x100045e4       0x48 CMakeFiles/app.dir/home/gowtham/Projects/FreeRTOS-Kernel/tasks.c.obj
                0x100045e4                uxTaskResetEventItemValue
 .text.prvSwitchTimerLists
                0x1000462c       0x94 CMakeFiles/app.dir/home/gowtham/Projects/FreeRTOS-Kernel/timers.c.obj
 .text.prvTimerTask
                0x100046c0      0x24c CMakeFiles/app.dir/home/gowtham/Projects/FreeRTOS-Kernel/timers.c.obj
 .text.xTimerCreateTimerTask
                0x1000490c       0x8c CMakeFiles/app.dir/home/gowtham/Projects/FreeRTOS-Kernel/timers.c.obj
                0x1000490c                xTimerCreateTimerTask
 .text.xTimerPendFunctionCallFromISR
                0x10004998       0x28 CMakeFiles/app.dir/home/gowtham/Projects/FreeRTOS-Kernel/timers.c.obj
                0x10004998                xTimerPendFunctionCallFromISR
 .text.exception_set_exclusive_handler
                0x100049c0       0x48 CMakeFiles/app.dir/home/gowtham/Projects/pico-sdk/src/rp2_common/hardware_exception/exception.c.obj
                0x100049c0                exception_set_exclusive_handler
 .text.core1_trampoline
                0x10004a08        0x4 CMakeFiles/app.dir/home/gowtham/Projects/pico-sdk/src/rp2_common/pico_multicore/multicore.c.obj
 .text.core1_wrapper
                0x10004a0c        0xc CMakeFiles/app.dir/home/gowtham/Projects/pico-sdk/src/rp2_common/pico_multicore/multicore.c.obj
                0x10004a0c                core1_wrapper
 .text.multicore_launch_core1_raw
                0x10004a18       0x84 CMakeFiles/app.dir/home/gowtham/Projects/pico-sdk/src/rp2_common/pico_multicore/multicore.c.obj
                0x10004a18                multicore_launch_core1_raw
 .text.multicore_launch_core1
                0x10004a9c       0x58 CMakeFiles/app.dir/home/gowtham/Projects/pico-sdk/src/rp2_common/pico_multicore/multicore.c.obj
                0x10004a9c                multicore_launch_core1
 .text.pvPortMalloc
                0x10004af4      0x17c CMakeFiles/app.dir/home/gowtham/Projects/FreeRTOS-Kernel/portable/MemMang/heap_4.c.obj
                0x10004af4                pvPortMalloc
 .text.vPortFree
                0x10004c70       0x9c CMakeFiles/app.dir/home/gowtham/Projects/FreeRTOS-Kernel/portable/MemMang/heap_4.c.obj
                0x10004c70                vPortFree
 .text.adc_init
                0x10004d0c       0x38 CMakeFiles/app.dir/home/gowtham/Projects/pico-sdk/src/rp2_common/hardware_adc/adc.c.obj
                0x10004d0c                adc_init
 .text          0x10004d44       0x10 /usr/lib/gcc/arm-none-eabi/13.2.1/../../../arm-none-eabi/lib/thumb/v6-m/nofp/libg.a(libc_a-atexit.o)
                0x10004d44                atexit
 .text          0x10004d54       0x5c /usr/lib/gcc/arm-none-eabi/13.2.1/../../../arm-none-eabi/lib/thumb/v6-m/nofp/libg.a(libc_a-strlen-stub.o)
                0x10004d54                strlen
 .text          0x10004db0       0x28 /usr/lib/gcc/arm-none-eabi/13.2.1/../../../arm-none-eabi/lib/thumb/v6-m/nofp/libg.a(libc_a-fini.o)
                0x10004db0                __libc_fini_array
 .text          0x10004dd8       0x78 /usr/lib/gcc/arm-none-eabi/13.2.1/../../../arm-none-eabi/lib/thumb/v6-m/nofp/libg.a(libc_a-__atexit.o)
                0x10004dd8                __register_exitproc
 .text.startup  0x10004e50       0x18 /usr/lib/gcc/arm-none-eabi/13.2.1/../../../arm-none-eabi/lib/thumb/v6-m/nofp/libg.a(libc_a-__call_atexit.o)
 *(.fini)
 .fini          0x10004e68        0x4 /usr/lib/gcc/arm-none-eabi/13.2.1/thumb/v6-m/nofp/crti.o
                0x10004e68                _fini
 *fill*         0x10004e6c        0x4 
 .fini.__stub   0x10004e70       0x50 linker stubs
 *crtbegin.o(.ctors)
 *crtbegin?.o(.ctors)
 *(EXCLUDE_FILE(*crtend.o *crtend?.o) .ctors)
 *(SORT_BY_NAME(.ctors.*))
 *(.ctors)
 *crtbegin.o(.dtors)
 *crtbegin?.o(.dtors)
 *(EXCLUDE_FILE(*crtend.o *crtend?.o) .dtors)
 *(SORT_BY_NAME(.dtors.*))
 *(.dtors)
                0x10004ec0                        . = ALIGN (0x4)
                0x10004ec0                        PROVIDE (__preinit_array_start = .)
 *(SORT_BY_NAME(.preinit_array.*))
 .preinit_array.00100
                0x10004ec0        0x4 CMakeFiles/app.dir/home/gowtham/Projects/pico-sdk/src/rp2_common/pico_runtime_init/runtime_init.c.obj
                0x10004ec0                __pre_init_runtime_init_early_resets
 .preinit_array.00101
                0x10004ec4        0x4 CMakeFiles/app.dir/home/gowtham/Projects/pico-sdk/src/rp2_common/pico_runtime_init/runtime_init.c.obj
                0x10004ec4                __pre_init_runtime_init_usb_power_down
 .preinit_array.00275
                0x10004ec8        0x4 CMakeFiles/app.dir/home/gowtham/Projects/pico-sdk/src/rp2_common/pico_bit_ops/bit_ops_aeabi.S.obj
 .preinit_array.00300
                0x10004ecc        0x4 CMakeFiles/app.dir/home/gowtham/Projects/pico-sdk/src/rp2_common/pico_mem_ops/mem_ops_aeabi.S.obj
 .preinit_array.00350
                0x10004ed0        0x4 CMakeFiles/app.dir/home/gowtham/Projects/pico-sdk/src/rp2_common/pico_double/double_aeabi_rp2040.S.obj
 .preinit_array.00350
                0x10004ed4        0x4 CMakeFiles/app.dir/home/gowtham/Projects/pico-sdk/src/rp2_common/pico_float/float_aeabi_rp2040.S.obj
 .preinit_array.00500
                0x10004ed8        0x4 CMakeFiles/app.dir/home/gowtham/Projects/pico-sdk/src/rp2_common/pico_runtime_init/runtime_init.c.obj
                0x10004ed8                __pre_init_runtime_init_clocks
 .preinit_array.00600
                0x10004edc        0x4 CMakeFiles/app.dir/home/gowtham/Projects/pico-sdk/src/rp2_common/pico_runtime_init/runtime_init.c.obj
                0x10004edc                __pre_init_runtime_init_post_clock_resets
 .preinit_array.00700
                0x10004ee0        0x4 CMakeFiles/app.dir/home/gowtham/Projects/pico-sdk/src/rp2_common/pico_runtime_init/runtime_init.c.obj
                0x10004ee0                __pre_init_runtime_init_rp2040_gpio_ie_disable
 .preinit_array.01000
                0x10004ee4        0x4 CMakeFiles/app.dir/home/gowtham/Projects/pico-sdk/src/rp2_common/pico_runtime_init/runtime_init.c.obj
                0x10004ee4                __pre_init_runtime_init_spin_locks_reset
 .preinit_array.01100
                0x10004ee8        0x4 CMakeFiles/app.dir/home/gowtham/Projects/pico-sdk/src/common/pico_sync/mutex.c.obj
                0x10004ee8                __pre_init_runtime_init_mutex
 .preinit_array.10080
                0x10004eec        0x4 CMakeFiles/app.dir/home/gowtham/Projects/pico-sdk/src/rp2_common/pico_runtime_init/runtime_init.c.obj
                0x10004eec                __pre_init_runtime_init_install_ram_vector_table
 .preinit_array.11000
                0x10004ef0        0x4 CMakeFiles/app.dir/home/gowtham/Projects/pico-sdk/src/common/pico_time/time.c.obj
                0x10004ef0                __pre_init_runtime_init_default_alarm_pool
 .preinit_array.YYYYY
                0x10004ef4        0x4 CMakeFiles/app.dir/home/gowtham/Projects/pico-sdk/src/rp2_common/pico_runtime/runtime.c.obj
                0x10004ef4                __pre_init_first_per_core_initializer
 .preinit_array.ZZZZZ.01200
                0x10004ef8        0x4 CMakeFiles/app.dir/home/gowtham/Projects/pico-sdk/src/rp2_common/hardware_irq/irq.c.obj
                0x10004ef8                __pre_init_runtime_init_per_core_irq_priorities
 *(.preinit_array)
                0x10004efc                        PROVIDE (__preinit_array_end = .)
                0x10004efc                        . = ALIGN (0x4)
                0x10004efc                        PROVIDE (__init_array_start = .)
 *(SORT_BY_NAME(.init_array.*))
 .init_array.00000
                0x10004efc        0x4 /usr/lib/gcc/arm-none-eabi/13.2.1/../../../arm-none-eabi/lib/thumb/v6-m/nofp/libg.a(libc_a-__call_atexit.o)
 *(.init_array)
 .init_array    0x10004f00        0x4 /usr/lib/gcc/arm-none-eabi/13.2.1/thumb/v6-m/nofp/crtbegin.o
 .init_array    0x10004f04        0x4 CMakeFiles/app.dir/home/gowtham/Projects/pico-sdk/src/rp2_common/pico_unique_id/unique_id.c.obj
 .init_array    0x10004f08        0x4 CMakeFiles/app.dir/home/gowtham/Projects/FreeRTOS-Kernel/portable/ThirdParty/GCC/RP2040/port.c.obj
                0x10004f0c                        PROVIDE (__init_array_end = .)
                0x10004f0c                        . = ALIGN (0x4)
                0x10004f0c                        PROVIDE (__fini_array_start = .)
 *(SORT_BY_NAME(.fini_array.*))
 *(.fini_array)
                0x10004f0c                        PROVIDE (__fini_array_end = .)
 *(.eh_frame*)
 .eh_frame      0x10004f0c        0x0 /usr/lib/gcc/arm-none-eabi/13.2.1/thumb/v6-m/nofp/crtbegin.o
                0x10004f0c                        . = ALIGN (0x4)

.glue_7         0x10004f0c        0x0
 .glue_7        0x10004f0c        0x0 linker stubs

.glue_7t        0x10004f0c        0x0
 .glue_7t       0x10004f0c        0x0 linker stubs

.vfp11_veneer   0x10004f0c        0x0
 .vfp11_veneer  0x10004f0c        0x0 linker stubs

.v4_bx          0x10004f0c        0x0
 .v4_bx         0x10004f0c        0x0 linker stubs

.iplt           0x10004f0c        0x0
 .iplt          0x10004f0c        0x0 /usr/lib/gcc/arm-none-eabi/13.2.1/thumb/v6-m/nofp/crtbegin.o

.rodata         0x10004f0c      0x144
 *(EXCLUDE_FILE(*libm.a: *libc.a:*lib_a-mem*.o *libgcc.a:) .rodata*)
 .rodata.main.str1.4
                0x10004f0c       0xcc CMakeFiles/app.dir/main.c.obj
                                 0x1f (size before relaxing)
 .rodata.panic.str1.4
                0x10004fd8       0x12 CMakeFiles/app.dir/home/gowtham/Projects/pico-sdk/src/rp2_common/pico_platform_panic/panic.c.obj
 .rodata.panic_unsupported.str1.4
                0x10004fd8        0xe CMakeFiles/app.dir/home/gowtham/Projects/pico-sdk/src/rp2_common/pico_platform_panic/panic.c.obj
 .rodata.spin_lock_claim.str1.4
                0x10004fd8       0x1f CMakeFiles/app.dir/home/gowtham/Projects/pico-sdk/src/rp2_common/hardware_sync/sync.c.obj
 .rodata.timer_hardware_alarm_claim.str1.4
                0x10004fd8       0x22 CMakeFiles/app.dir/home/gowtham/Projects/pico-sdk/src/rp2_common/hardware_timer/timer.c.obj
 .rodata.hard_assertion_failure.str1.4
                0x10004fd8        0xc CMakeFiles/app.dir/home/gowtham/Projects/pico-sdk/src/rp2_common/pico_runtime/runtime.c.obj
 .rodata.str1.4
                0x10004fd8       0x28 CMakeFiles/app.dir/home/gowtham/Projects/pico-sdk/src/rp2_common/pico_standard_binary_info/standard_binary_info.c.obj
 .rodata.__bi_84
                0x10004fd8        0xc CMakeFiles/app.dir/home/gowtham/Projects/pico-sdk/src/rp2_common/pico_standard_binary_info/standard_binary_info.c.obj
 .rodata.__bi_54
                0x10004fe4        0xc CMakeFiles/app.dir/home/gowtham/Projects/pico-sdk/src/rp2_common/pico_standard_binary_info/standard_binary_info.c.obj
 .rodata.__bi_48
                0x10004ff0        0xc CMakeFiles/app.dir/home/gowtham/Projects/pico-sdk/src/rp2_common/pico_standard_binary_info/standard_binary_info.c.obj
 .rodata.__bi_42
                0x10004ffc        0xc CMakeFiles/app.dir/home/gowtham/Projects/pico-sdk/src/rp2_common/pico_standard_binary_info/standard_binary_info.c.obj
 .rodata.__bi_34
                0x10005008        0xc CMakeFiles/app.dir/home/gowtham/Projects/pico-sdk/src/rp2_common/pico_standard_binary_info/standard_binary_info.c.obj
 .rodata.__bi_26
                0x10005014        0xc CMakeFiles/app.dir/home/gowtham/Projects/pico-sdk/src/rp2_common/pico_standard_binary_info/standard_binary_info.c.obj
 .rodata.crlf_str.0
                0x10005020        0x2 CMakeFiles/app.dir/home/gowtham/Projects/pico-sdk/src/rp2_common/pico_stdio/stdio.c.obj
 *fill*         0x10005022        0x2 
 .rodata.uxTopUsedPriority
                0x10005024        0x4 CMakeFiles/app.dir/home/gowtham/Projects/FreeRTOS-Kernel/tasks.c.obj
                0x10005024                uxTopUsedPriority
 .rodata.prvTimerTask
                0x10005028       0x28 CMakeFiles/app.dir/home/gowtham/Projects/FreeRTOS-Kernel/timers.c.obj
 .rodata.xTimerCreateTimerTask.str1.4
                0x10005050       0x10 CMakeFiles/app.dir/home/gowtham/Projects/FreeRTOS-Kernel/timers.c.obj
                0x10005060                        . = ALIGN (0x4)
 *(SORT_BY_ALIGNMENT(SORT_BY_NAME(.flashdata*)))
                0x10005060                        . = ALIGN (0x4)

.ARM.extab
 *(.ARM.extab* .gnu.linkonce.armextab.*)
                0x10005050                        __exidx_start = .

.ARM.exidx
 *(.ARM.exidx* .gnu.linkonce.armexidx.*)
                0x10005050                        __exidx_end = .
                0x10005060                        . = ALIGN (0x4)
                0x10005050                        __binary_info_start = .

.binary_info    0x10005050       0x18
 *(.binary_info.keep.*)
 .binary_info.keep.__bi_ptr84
                0x10005050        0x4 CMakeFiles/app.dir/home/gowtham/Projects/pico-sdk/src/rp2_common/pico_standard_binary_info/standard_binary_info.c.obj
 .binary_info.keep.__bi_ptr54
                0x10005054        0x4 CMakeFiles/app.dir/home/gowtham/Projects/pico-sdk/src/rp2_common/pico_standard_binary_info/standard_binary_info.c.obj
 .binary_info.keep.__bi_ptr48
                0x10005058        0x4 CMakeFiles/app.dir/home/gowtham/Projects/pico-sdk/src/rp2_common/pico_standard_binary_info/standard_binary_info.c.obj
 .binary_info.keep.__bi_ptr42
                0x1000505c        0x4 CMakeFiles/app.dir/home/gowtham/Projects/pico-sdk/src/rp2_common/pico_standard_binary_info/standard_binary_info.c.obj
 .binary_info.keep.__bi_ptr34
                0x10005060        0x4 CMakeFiles/app.dir/home/gowtham/Projects/pico-sdk/src/rp2_common/pico_standard_binary_info/standard_binary_info.c.obj
 .binary_info.keep.__bi_ptr26
                0x10005064        0x4 CMakeFiles/app.dir/home/gowtham/Projects/pico-sdk/src/rp2_common/pico_standard_binary_info/standard_binary_info.c.obj
 *(.binary_info.*)
                0x10005068                        __binary_info_end = .

.rel.dyn        0x10005068        0x0
 .rel.iplt      0x10005068        0x0 /usr/lib/gcc/arm-none-eabi/13.2.1/thumb/v6-m/nofp/crtbegin.o
                0x10005068                        . = ALIGN (0x4)

.ram_vector_table
                0x20000000       0xc0
 *(.ram_vector_table)
 .ram_vector_table
                0x20000000       0xc0 CMakeFiles/app.dir/home/gowtham/Projects/pico-sdk/src/rp2_common/pico_runtime_init/runtime_init.c.obj
                0x20000000                ram_vector_table

.uninitialized_data
                0x200000c0        0x0
                0x200000c0                        . = ALIGN (0x4)
 *(.uninitialized_data*)

.data           0x200000c0      0x284 load address 0x10005068
                0x200000c0                        __data_start__ = .
 *(vtable)
 *(.time_critical*)
 .time_critical.mutex_try_enter_block_until
                0x200000c0       0xa0 CMakeFiles/app.dir/home/gowtham/Projects/pico-sdk/src/common/pico_sync/mutex.c.obj
                0x200000c0                mutex_try_enter_block_until
 .time_critical.mutex_exit
                0x20000160       0x20 CMakeFiles/app.dir/home/gowtham/Projects/pico-sdk/src/common/pico_sync/mutex.c.obj
                0x20000160                mutex_exit
 .time_critical.flash_init_boot2_copyout
                0x20000180       0x30 CMakeFiles/app.dir/home/gowtham/Projects/pico-sdk/src/rp2_common/hardware_flash/flash.c.obj
 .time_critical.flash_enable_xip_via_boot2
                0x200001b0        0xc CMakeFiles/app.dir/home/gowtham/Projects/pico-sdk/src/rp2_common/hardware_flash/flash.c.obj
 .time_critical.flash_cs_force
                0x200001bc       0x38 CMakeFiles/app.dir/home/gowtham/Projects/pico-sdk/src/rp2_common/hardware_flash/flash.c.obj
 .time_critical.flash_do_cmd
                0x200001f4       0xc0 CMakeFiles/app.dir/home/gowtham/Projects/pico-sdk/src/rp2_common/hardware_flash/flash.c.obj
                0x200001f4                flash_do_cmd
 *(.text*)
 .text          0x200002b4        0x4 /usr/lib/gcc/arm-none-eabi/13.2.1/thumb/v6-m/nofp/libgcc.a(_dvmd_tls.o)
                0x200002b4                __aeabi_ldiv0
                0x200002b4                __aeabi_idiv0
 .text.__stub   0x200002b8       0x30 linker stubs
                0x200002e8                        . = ALIGN (0x4)
 *(.rodata*)
                0x200002e8                        . = ALIGN (0x4)
 *(.data*)
 .data.striped_spin_lock_num
                0x200002e8        0x1 CMakeFiles/app.dir/home/gowtham/Projects/pico-sdk/src/rp2_common/hardware_sync/sync.c.obj
 *fill*         0x200002e9        0x3 
 .data.default_alarm_pool
                0x200002ec       0x18 CMakeFiles/app.dir/home/gowtham/Projects/pico-sdk/src/common/pico_time/time.c.obj
 *fill*         0x20000304        0xc 
 .data.aeabi_bits_funcs
                0x20000310       0x10 CMakeFiles/app.dir/home/gowtham/Projects/pico-sdk/src/rp2_common/pico_bit_ops/bit_ops_aeabi.S.obj
                0x20000310                aeabi_bits_funcs
                0x20000320                aeabi_bits_funcs_end
 .data.aeabi_mem_funcs
                0x20000320       0x10 CMakeFiles/app.dir/home/gowtham/Projects/pico-sdk/src/rp2_common/pico_mem_ops/mem_ops_aeabi.S.obj
                0x20000320                aeabi_mem_funcs
                0x20000330                aeabi_mem_funcs_end
 .data.ucPrimaryCoreNum
                0x20000330        0x1 CMakeFiles/app.dir/home/gowtham/Projects/FreeRTOS-Kernel/portable/ThirdParty/GCC/RP2040/port.c.obj
                0x20000334                        . = ALIGN (0x4)
 *fill*         0x20000331        0x3 
 *(.after_data.*)
                0x20000334                        . = ALIGN (0x4)
                0x20000334                        PROVIDE (__mutex_array_start = .)
 *(SORT_BY_NAME(.mutex_array.*))
 *(.mutex_array)
 .mutex_array   0x20000334        0x8 CMakeFiles/app.dir/home/gowtham/Projects/pico-sdk/src/rp2_common/pico_malloc/malloc.c.obj
 .mutex_array   0x2000033c        0x8 CMakeFiles/app.dir/home/gowtham/Projects/pico-sdk/src/rp2_common/pico_stdio/stdio.c.obj
                0x20000344                        PROVIDE (__mutex_array_end = .)
                0x20000344                        . = ALIGN (0x4)
 *(.jcr)
                0x20000344                        . = ALIGN (0x4)

.tm_clone_table
                0x20000344        0x0 load address 0x100052ec
 .tm_clone_table
                0x20000344        0x0 /usr/lib/gcc/arm-none-eabi/13.2.1/thumb/v6-m/nofp/crtbegin.o
 .tm_clone_table
                0x20000344        0x0 /usr/lib/gcc/arm-none-eabi/13.2.1/thumb/v6-m/nofp/crtend.o

.igot.plt       0x20000344        0x0 load address 0x100052ec
 .igot.plt      0x20000344        0x0 /usr/lib/gcc/arm-none-eabi/13.2.1/thumb/v6-m/nofp/crtbegin.o

.tdata          0x20000344        0x0 load address 0x100052ec
                0x20000344                        . = ALIGN (0x4)
 *(.tdata .tdata.* .gnu.linkonce.td.*)
                0x20000344                        __tdata_end = .
                0x20000344                        PROVIDE (__data_end__ = .)
                0x10005068                        __etext = LOADADDR (.data)

.tbss           0x20000344        0x0 load address 0x100052ec
                0x20000344                        . = ALIGN (0x4)
                0x20000344                        __bss_start__ = .
                0x20000344                        __tls_base = .
 *(.tbss .tbss.* .gnu.linkonce.tb.*)
 *(.tcommon)
                0x20000344                        __tls_end = .

.bss            0x20000348    0x20a74 load address 0x100052ec
                0x20000348                        . = ALIGN (0x4)
                0x20000348                        __tbss_end = .
 *(SORT_BY_ALIGNMENT(SORT_BY_NAME(.bss*)))
 .bss.default_alarm_pool_entries
                0x20000348      0x180 CMakeFiles/app.dir/home/gowtham/Projects/pico-sdk/src/common/pico_time/time.c.obj
 .bss.sd_table  0x200004c8      0x100 CMakeFiles/app.dir/home/gowtham/Projects/pico-sdk/src/rp2_common/pico_double/double_init_rom_rp2040.c.obj
                0x200004c8                sd_table
 .bss.sf_table  0x200005c8      0x100 CMakeFiles/app.dir/home/gowtham/Projects/pico-sdk/src/rp2_common/pico_float/float_init_rom_rp2040.c.obj
                0x200005c8                sf_table
 .bss.xQueueRegistry
                0x200006c8       0x40 CMakeFiles/app.dir/home/gowtham/Projects/FreeRTOS-Kernel/queue.c.obj
                0x200006c8                xQueueRegistry
 .bss           0x20000708       0x1c /usr/lib/gcc/arm-none-eabi/13.2.1/thumb/v6-m/nofp/crtbegin.o
 .bss           0x20000724      0x190 /usr/lib/gcc/arm-none-eabi/13.2.1/../../../arm-none-eabi/lib/thumb/v6-m/nofp/libg.a(libc_a-__atexit.o)
                0x20000724                __atexit0
 .bss           0x200008b4        0x4 /usr/lib/gcc/arm-none-eabi/13.2.1/../../../arm-none-eabi/lib/thumb/v6-m/nofp/libg.a(libc_a-__call_atexit.o)
                0x200008b4                __atexit
 .bss.boot2_copyout
                0x200008b8      0x100 CMakeFiles/app.dir/home/gowtham/Projects/pico-sdk/src/rp2_common/hardware_flash/flash.c.obj
 .bss.claimed   0x200009b8        0x4 CMakeFiles/app.dir/home/gowtham/Projects/pico-sdk/src/rp2_common/hardware_sync/sync.c.obj
 .bss.claimed   0x200009bc        0x1 CMakeFiles/app.dir/home/gowtham/Projects/pico-sdk/src/rp2_common/hardware_timer/timer.c.obj
 *fill*         0x200009bd        0x3 
 .bss.configured_freq
                0x200009c0       0x28 CMakeFiles/app.dir/home/gowtham/Projects/pico-sdk/src/rp2_common/hardware_clocks/clocks.c.obj
 .bss.drivers   0x200009e8        0x4 CMakeFiles/app.dir/home/gowtham/Projects/pico-sdk/src/rp2_common/pico_stdio/stdio.c.obj
 .bss.filter    0x200009ec        0x4 CMakeFiles/app.dir/home/gowtham/Projects/pico-sdk/src/rp2_common/pico_stdio/stdio.c.obj
 .bss.lazy_vsnprintf
                0x200009f0        0x4 CMakeFiles/app.dir/home/gowtham/Projects/pico-sdk/src/rp2_common/pico_printf/printf.c.obj
 .bss.pools     0x200009f4       0x10 CMakeFiles/app.dir/home/gowtham/Projects/pico-sdk/src/common/pico_time/time.c.obj
 .bss.pxCurrentTCBs
                0x20000a04        0x8 CMakeFiles/app.dir/home/gowtham/Projects/FreeRTOS-Kernel/tasks.c.obj
                0x20000a04                pxCurrentTCBs
 .bss.pxCurrentTimerList
                0x20000a0c        0x4 CMakeFiles/app.dir/home/gowtham/Projects/FreeRTOS-Kernel/timers.c.obj
 .bss.pxDelayedTaskList
                0x20000a10        0x4 CMakeFiles/app.dir/home/gowtham/Projects/FreeRTOS-Kernel/tasks.c.obj
 .bss.pxEnd     0x20000a14        0x4 CMakeFiles/app.dir/home/gowtham/Projects/FreeRTOS-Kernel/portable/MemMang/heap_4.c.obj
 .bss.pxOverflowDelayedTaskList
                0x20000a18        0x4 CMakeFiles/app.dir/home/gowtham/Projects/FreeRTOS-Kernel/tasks.c.obj
 .bss.pxOverflowTimerList
                0x20000a1c        0x4 CMakeFiles/app.dir/home/gowtham/Projects/FreeRTOS-Kernel/timers.c.obj
 .bss.pxReadyTasksLists
                0x20000a20      0x280 CMakeFiles/app.dir/home/gowtham/Projects/FreeRTOS-Kernel/tasks.c.obj
 .bss.pxYieldSpinLock
                0x20000ca0        0x8 CMakeFiles/app.dir/home/gowtham/Projects/FreeRTOS-Kernel/portable/ThirdParty/GCC/RP2040/port.c.obj
 .bss.retrieved_id
                0x20000ca8        0x8 CMakeFiles/app.dir/home/gowtham/Projects/pico-sdk/src/rp2_common/pico_unique_id/unique_id.c.obj
 .bss.sf_clz_func
                0x20000cb0        0x4 CMakeFiles/app.dir/home/gowtham/Projects/pico-sdk/src/rp2_common/pico_double/double_init_rom_rp2040.c.obj
                0x20000cb0                sf_clz_func
 .bss.sleep_notifier
                0x20000cb4        0x4 CMakeFiles/app.dir/home/gowtham/Projects/pico-sdk/src/common/pico_time/time.c.obj
 .bss.ucHeap    0x20000cb8    0x20000 CMakeFiles/app.dir/home/gowtham/Projects/FreeRTOS-Kernel/portable/MemMang/heap_4.c.obj
 .bss.ucOwnedByCore.1
                0x20020cb8        0x2 CMakeFiles/app.dir/home/gowtham/Projects/FreeRTOS-Kernel/tasks.c.obj
 *fill*         0x20020cba        0x2 
 .bss.ucRecursionCountByLock.0
                0x20020cbc        0x2 CMakeFiles/app.dir/home/gowtham/Projects/FreeRTOS-Kernel/tasks.c.obj
 *fill*         0x20020cbe        0x2 
 .bss.ulYieldSpinLockSaveValue
                0x20020cc0        0x8 CMakeFiles/app.dir/home/gowtham/Projects/FreeRTOS-Kernel/portable/ThirdParty/GCC/RP2040/port.c.obj
 .bss.uxCurrentNumberOfTasks
                0x20020cc8        0x4 CMakeFiles/app.dir/home/gowtham/Projects/FreeRTOS-Kernel/tasks.c.obj
 .bss.uxDeletedTasksWaitingCleanUp
                0x20020ccc        0x4 CMakeFiles/app.dir/home/gowtham/Projects/FreeRTOS-Kernel/tasks.c.obj
 .bss.uxSchedulerSuspended
                0x20020cd0        0x4 CMakeFiles/app.dir/home/gowtham/Projects/FreeRTOS-Kernel/tasks.c.obj
 .bss.uxTaskNumber
                0x20020cd4        0x4 CMakeFiles/app.dir/home/gowtham/Projects/FreeRTOS-Kernel/tasks.c.obj
 .bss.uxTopReadyPriority
                0x20020cd8        0x4 CMakeFiles/app.dir/home/gowtham/Projects/FreeRTOS-Kernel/tasks.c.obj
 .bss.xActiveTimerList1
                0x20020cdc       0x14 CMakeFiles/app.dir/home/gowtham/Projects/FreeRTOS-Kernel/timers.c.obj
 .bss.xActiveTimerList2
                0x20020cf0       0x14 CMakeFiles/app.dir/home/gowtham/Projects/FreeRTOS-Kernel/timers.c.obj
 .bss.xBlockAllocatedBit
                0x20020d04        0x4 CMakeFiles/app.dir/home/gowtham/Projects/FreeRTOS-Kernel/portable/MemMang/heap_4.c.obj
 .bss.xDelayedTaskList1
                0x20020d08       0x14 CMakeFiles/app.dir/home/gowtham/Projects/FreeRTOS-Kernel/tasks.c.obj
 .bss.xDelayedTaskList2
                0x20020d1c       0x14 CMakeFiles/app.dir/home/gowtham/Projects/FreeRTOS-Kernel/tasks.c.obj
 .bss.xEventGroup
                0x20020d30        0x4 CMakeFiles/app.dir/home/gowtham/Projects/FreeRTOS-Kernel/portable/ThirdParty/GCC/RP2040/port.c.obj
 .bss.xFreeBytesRemaining
                0x20020d34        0x4 CMakeFiles/app.dir/home/gowtham/Projects/FreeRTOS-Kernel/portable/MemMang/heap_4.c.obj
 .bss.xIdleTaskHandle
                0x20020d38        0x8 CMakeFiles/app.dir/home/gowtham/Projects/FreeRTOS-Kernel/tasks.c.obj
 .bss.xLastTime.0
                0x20020d40        0x4 CMakeFiles/app.dir/home/gowtham/Projects/FreeRTOS-Kernel/timers.c.obj
 .bss.xMinimumEverFreeBytesRemaining
                0x20020d44        0x4 CMakeFiles/app.dir/home/gowtham/Projects/FreeRTOS-Kernel/portable/MemMang/heap_4.c.obj
 .bss.xNextTaskUnblockTime
                0x20020d48        0x4 CMakeFiles/app.dir/home/gowtham/Projects/FreeRTOS-Kernel/tasks.c.obj
 .bss.xNumOfOverflows
                0x20020d4c        0x4 CMakeFiles/app.dir/home/gowtham/Projects/FreeRTOS-Kernel/tasks.c.obj
 .bss.xNumberOfSuccessfulAllocations
                0x20020d50        0x4 CMakeFiles/app.dir/home/gowtham/Projects/FreeRTOS-Kernel/portable/MemMang/heap_4.c.obj
 .bss.xNumberOfSuccessfulFrees
                0x20020d54        0x4 CMakeFiles/app.dir/home/gowtham/Projects/FreeRTOS-Kernel/portable/MemMang/heap_4.c.obj
 .bss.xPendedTicks
                0x20020d58        0x4 CMakeFiles/app.dir/home/gowtham/Projects/FreeRTOS-Kernel/tasks.c.obj
 .bss.xPendingReadyList
                0x20020d5c       0x14 CMakeFiles/app.dir/home/gowtham/Projects/FreeRTOS-Kernel/tasks.c.obj
 .bss.xSchedulerRunning
                0x20020d70        0x4 CMakeFiles/app.dir/home/gowtham/Projects/FreeRTOS-Kernel/tasks.c.obj
 .bss.xStart    0x20020d74        0x8 CMakeFiles/app.dir/home/gowtham/Projects/FreeRTOS-Kernel/portable/MemMang/heap_4.c.obj
 .bss.xSuspendedTaskList
                0x20020d7c       0x14 CMakeFiles/app.dir/home/gowtham/Projects/FreeRTOS-Kernel/tasks.c.obj
 .bss.xTasksWaitingTermination
                0x20020d90       0x14 CMakeFiles/app.dir/home/gowtham/Projects/FreeRTOS-Kernel/tasks.c.obj
 .bss.xTickCount
                0x20020da4        0x4 CMakeFiles/app.dir/home/gowtham/Projects/FreeRTOS-Kernel/tasks.c.obj
 .bss.xTimerQueue
                0x20020da8        0x4 CMakeFiles/app.dir/home/gowtham/Projects/FreeRTOS-Kernel/timers.c.obj
 .bss.xTimerTaskHandle
                0x20020dac        0x4 CMakeFiles/app.dir/home/gowtham/Projects/FreeRTOS-Kernel/timers.c.obj
 .bss.xYieldPendings
                0x20020db0        0x8 CMakeFiles/app.dir/home/gowtham/Projects/FreeRTOS-Kernel/tasks.c.obj
 .bss.boot2_copyout_valid
                0x20020db8        0x1 CMakeFiles/app.dir/home/gowtham/Projects/pico-sdk/src/rp2_common/hardware_flash/flash.c.obj
 .bss.high_temp_detected
                0x20020db9        0x1 CMakeFiles/app.dir/main.c.obj
                0x20020db9                high_temp_detected
 *(COMMON)
                0x20020dbc                        . = ALIGN (0x4)
 *fill*         0x20020dba        0x2 
                0x20020dbc                        __bss_end__ = .

.heap           0x20020dbc    0x1f244 load address 0x100052ec
                0x20020dbc                        __end__ = .
                0x20020dbc                        end = __end__
 *(.heap*)
 .heap          0x20020dbc      0x800 CMakeFiles/app.dir/home/gowtham/Projects/pico-sdk/src/rp2_common/pico_crt0/crt0.S.obj
                0x20040000                        . = (ORIGIN (RAM) + LENGTH (RAM))
 *fill*         0x200215bc    0x1ea44 
                0x20040000                        __HeapLimit = .

.scratch_x      0x20040000        0x0 load address 0x100052ec
                0x20040000                        __scratch_x_start__ = .
 *(.scratch_x.*)
                0x20040000                        . = ALIGN (0x4)
                0x20040000                        __scratch_x_end__ = .
                0x100052ec                        __scratch_x_source__ = LOADADDR (.scratch_x)

.scratch_y      0x20041000        0x0 load address 0x100052ec
                0x20041000                        __scratch_y_start__ = .
 *(.scratch_y.*)
                0x20041000                        . = ALIGN (0x4)
                0x20041000                        __scratch_y_end__ = .
                0x100052ec                        __scratch_y_source__ = LOADADDR (.scratch_y)

.stack1_dummy   0x20040000      0x800
 *(.stack1*)
 .stack1        0x20040000      0x800 CMakeFiles/app.dir/home/gowtham/Projects/pico-sdk/src/rp2_common/pico_multicore/multicore.c.obj

.stack_dummy    0x20041000      0x800
 *(.stack*)
 .stack         0x20041000      0x800 CMakeFiles/app.dir/home/gowtham/Projects/pico-sdk/src/rp2_common/pico_crt0/crt0.S.obj

.flash_end      0x100052ec        0x0
 *(.embedded_end_block*)
                0x100052ec                        PROVIDE (__flash_binary_end = .)
                0x20040000                        __StackLimit = (ORIGIN (RAM) + LENGTH (RAM))
                0x20041000                        __StackOneTop = (ORIGIN (SCRATCH_X) + LENGTH (SCRATCH_X))
                0x20042000                        __StackTop = (ORIGIN (SCRATCH_Y) + LENGTH (SCRATCH_Y))
                0x20040800                        __StackOneBottom = (__StackOneTop - SIZEOF (.stack1_dummy))
                0x20041800                        __StackBottom = (__StackTop - SIZEOF (.stack_dummy))
                0x20042000                        PROVIDE (__stack = __StackTop)
                [!provide]                        PROVIDE (__heap_start = __end__)
                [!provide]                        PROVIDE (__heap_end = __HeapLimit)
                [!provide]                        PROVIDE (__tls_align = MAX (ALIGNOF (.tdata), ALIGNOF (.tbss)))
                [!provide]                        PROVIDE (__tls_size_align = (((__tls_size + __tls_align) - 0x1) & ~ ((__tls_align - 0x1))))
                [!provide]                        PROVIDE (__arm32_tls_tcb_offset = MAX (0x8, __tls_align))
                [!provide]                        PROVIDE (_end = __end__)
                [!provide]                        PROVIDE (__llvm_libc_heap_limit = __HeapLimit)
                0x00000001                        ASSERT ((__StackLimit >= __HeapLimit), region RAM overflowed)
                0x00000001                        ASSERT (((__binary_info_header_end - __logical_binary_start) <= 0x100), Binary info must be in first 256 bytes of the binary)
LOAD CMakeFiles/app.dir/main.c.obj
LOAD CMakeFiles/app.dir/home/gowtham/Projects/pico-sdk/src/rp2_common/pico_stdlib/stdlib.c.obj
LOAD CMakeFiles/app.dir/home/gowtham/Projects/pico-sdk/src/rp2_common/hardware_gpio/gpio.c.obj
LOAD CMakeFiles/app.dir/home/gowtham/Projects/pico-sdk/src/rp2040/pico_platform/platform.c.obj
LOAD CMakeFiles/app.dir/home/gowtham/Projects/pico-sdk/src/rp2_common/pico_platform_panic/panic.c.obj
LOAD CMakeFiles/app.dir/home/gowtham/Projects/pico-sdk/src/common/hardware_claim/claim.c.obj
LOAD CMakeFiles/app.dir/home/gowtham/Projects/pico-sdk/src/rp2_common/hardware_sync/sync.c.obj
LOAD CMakeFiles/app.dir/home/gowtham/Projects/pico-sdk/src/rp2_common/hardware_sync_spin_lock/sync_spin_lock.c.obj
LOAD CMakeFiles/app.dir/home/gowtham/Projects/pico-sdk/src/rp2_common/hardware_irq/irq.c.obj
LOAD CMakeFiles/app.dir/home/gowtham/Projects/pico-sdk/src/rp2_common/hardware_irq/irq_handler_chain.S.obj
LOAD CMakeFiles/app.dir/home/gowtham/Projects/pico-sdk/src/common/pico_sync/sem.c.obj
LOAD CMakeFiles/app.dir/home/gowtham/Projects/pico-sdk/src/common/pico_sync/lock_core.c.obj
LOAD CMakeFiles/app.dir/home/gowtham/Projects/pico-sdk/src/common/pico_sync/mutex.c.obj
LOAD CMakeFiles/app.dir/home/gowtham/Projects/pico-sdk/src/common/pico_sync/critical_section.c.obj
LOAD CMakeFiles/app.dir/home/gowtham/Projects/pico-sdk/src/common/pico_time/time.c.obj
LOAD CMakeFiles/app.dir/home/gowtham/Projects/pico-sdk/src/common/pico_time/timeout_helper.c.obj
LOAD CMakeFiles/app.dir/home/gowtham/Projects/pico-sdk/src/rp2_common/hardware_timer/timer.c.obj
LOAD CMakeFiles/app.dir/home/gowtham/Projects/pico-sdk/src/common/pico_util/datetime.c.obj
LOAD CMakeFiles/app.dir/home/gowtham/Projects/pico-sdk/src/common/pico_util/pheap.c.obj
LOAD CMakeFiles/app.dir/home/gowtham/Projects/pico-sdk/src/common/pico_util/queue.c.obj
LOAD CMakeFiles/app.dir/home/gowtham/Projects/pico-sdk/src/rp2_common/hardware_uart/uart.c.obj
LOAD CMakeFiles/app.dir/home/gowtham/Projects/pico-sdk/src/rp2_common/hardware_clocks/clocks.c.obj
LOAD CMakeFiles/app.dir/home/gowtham/Projects/pico-sdk/src/rp2_common/hardware_pll/pll.c.obj
LOAD CMakeFiles/app.dir/home/gowtham/Projects/pico-sdk/src/rp2_common/hardware_vreg/vreg.c.obj
LOAD CMakeFiles/app.dir/home/gowtham/Projects/pico-sdk/src/rp2_common/hardware_watchdog/watchdog.c.obj
LOAD CMakeFiles/app.dir/home/gowtham/Projects/pico-sdk/src/rp2_common/hardware_ticks/ticks.c.obj
LOAD CMakeFiles/app.dir/home/gowtham/Projects/pico-sdk/src/rp2_common/hardware_xosc/xosc.c.obj
LOAD CMakeFiles/app.dir/home/gowtham/Projects/pico-sdk/src/rp2_common/hardware_divider/divider.S.obj
LOAD CMakeFiles/app.dir/home/gowtham/Projects/pico-sdk/src/rp2_common/pico_runtime/runtime.c.obj
LOAD CMakeFiles/app.dir/home/gowtham/Projects/pico-sdk/src/rp2_common/pico_runtime_init/runtime_init.c.obj
LOAD CMakeFiles/app.dir/home/gowtham/Projects/pico-sdk/src/rp2_common/pico_runtime_init/runtime_init_clocks.c.obj
LOAD CMakeFiles/app.dir/home/gowtham/Projects/pico-sdk/src/rp2_common/pico_runtime_init/runtime_init_stack_guard.c.obj
LOAD CMakeFiles/app.dir/home/gowtham/Projects/pico-sdk/src/rp2_common/pico_bit_ops/bit_ops_aeabi.S.obj
LOAD CMakeFiles/app.dir/home/gowtham/Projects/pico-sdk/src/rp2_common/pico_bootrom/bootrom.c.obj
LOAD CMakeFiles/app.dir/home/gowtham/Projects/pico-sdk/src/rp2_common/pico_bootrom/bootrom_lock.c.obj
LOAD CMakeFiles/app.dir/home/gowtham/Projects/pico-sdk/src/rp2_common/hardware_boot_lock/boot_lock.c.obj
LOAD CMakeFiles/app.dir/home/gowtham/Projects/pico-sdk/src/rp2_common/pico_divider/divider_hardware.S.obj
LOAD CMakeFiles/app.dir/home/gowtham/Projects/pico-sdk/src/rp2_common/pico_double/double_aeabi_rp2040.S.obj
LOAD CMakeFiles/app.dir/home/gowtham/Projects/pico-sdk/src/rp2_common/pico_double/double_init_rom_rp2040.c.obj
LOAD CMakeFiles/app.dir/home/gowtham/Projects/pico-sdk/src/rp2_common/pico_double/double_math.c.obj
LOAD CMakeFiles/app.dir/home/gowtham/Projects/pico-sdk/src/rp2_common/pico_double/double_v1_rom_shim_rp2040.S.obj
LOAD CMakeFiles/app.dir/home/gowtham/Projects/pico-sdk/src/rp2_common/pico_int64_ops/pico_int64_ops_aeabi.S.obj
LOAD CMakeFiles/app.dir/home/gowtham/Projects/pico-sdk/src/rp2_common/pico_float/float_aeabi_rp2040.S.obj
LOAD CMakeFiles/app.dir/home/gowtham/Projects/pico-sdk/src/rp2_common/pico_float/float_init_rom_rp2040.c.obj
LOAD CMakeFiles/app.dir/home/gowtham/Projects/pico-sdk/src/rp2_common/pico_float/float_math.c.obj
LOAD CMakeFiles/app.dir/home/gowtham/Projects/pico-sdk/src/rp2_common/pico_float/float_v1_rom_shim_rp2040.S.obj
LOAD CMakeFiles/app.dir/home/gowtham/Projects/pico-sdk/src/rp2_common/pico_malloc/malloc.c.obj
LOAD CMakeFiles/app.dir/home/gowtham/Projects/pico-sdk/src/rp2_common/pico_mem_ops/mem_ops_aeabi.S.obj
LOAD CMakeFiles/app.dir/home/gowtham/Projects/pico-sdk/src/rp2_common/pico_atomic/atomic.c.obj
LOAD CMakeFiles/app.dir/home/gowtham/Projects/pico-sdk/src/rp2_common/pico_cxx_options/new_delete.cpp.obj
LOAD CMakeFiles/app.dir/home/gowtham/Projects/pico-sdk/src/rp2_common/pico_standard_binary_info/standard_binary_info.c.obj
LOAD CMakeFiles/app.dir/home/gowtham/Projects/pico-sdk/src/rp2_common/pico_printf/printf.c.obj
LOAD CMakeFiles/app.dir/home/gowtham/Projects/pico-sdk/src/rp2_common/pico_crt0/crt0.S.obj
LOAD CMakeFiles/app.dir/home/gowtham/Projects/pico-sdk/src/rp2_common/pico_clib_interface/newlib_interface.c.obj
LOAD CMakeFiles/app.dir/home/gowtham/Projects/pico-sdk/src/rp2_common/pico_stdio/stdio.c.obj
LOAD CMakeFiles/app.dir/home/gowtham/Projects/pico-sdk/src/rp2_common/pico_stdio_usb/reset_interface.c.obj
LOAD CMakeFiles/app.dir/home/gowtham/Projects/pico-sdk/src/rp2_common/pico_stdio_usb/stdio_usb.c.obj
LOAD CMakeFiles/app.dir/home/gowtham/Projects/pico-sdk/src/rp2_common/pico_stdio_usb/stdio_usb_descriptors.c.obj
LOAD CMakeFiles/app.dir/home/gowtham/Projects/pico-sdk/src/rp2_common/pico_unique_id/unique_id.c.obj
LOAD CMakeFiles/app.dir/home/gowtham/Projects/pico-sdk/src/rp2_common/hardware_flash/flash.c.obj
LOAD CMakeFiles/app.dir/home/gowtham/Projects/pico-sdk/lib/tinyusb/src/portable/raspberrypi/rp2040/dcd_rp2040.c.obj
LOAD CMakeFiles/app.dir/home/gowtham/Projects/pico-sdk/lib/tinyusb/src/portable/raspberrypi/rp2040/rp2040_usb.c.obj
LOAD CMakeFiles/app.dir/home/gowtham/Projects/pico-sdk/lib/tinyusb/src/device/usbd.c.obj
LOAD CMakeFiles/app.dir/home/gowtham/Projects/pico-sdk/lib/tinyusb/src/device/usbd_control.c.obj
LOAD CMakeFiles/app.dir/home/gowtham/Projects/pico-sdk/lib/tinyusb/src/class/audio/audio_device.c.obj
LOAD CMakeFiles/app.dir/home/gowtham/Projects/pico-sdk/lib/tinyusb/src/class/cdc/cdc_device.c.obj
LOAD CMakeFiles/app.dir/home/gowtham/Projects/pico-sdk/lib/tinyusb/src/class/dfu/dfu_device.c.obj
LOAD CMakeFiles/app.dir/home/gowtham/Projects/pico-sdk/lib/tinyusb/src/class/dfu/dfu_rt_device.c.obj
LOAD CMakeFiles/app.dir/home/gowtham/Projects/pico-sdk/lib/tinyusb/src/class/hid/hid_device.c.obj
LOAD CMakeFiles/app.dir/home/gowtham/Projects/pico-sdk/lib/tinyusb/src/class/midi/midi_device.c.obj
LOAD CMakeFiles/app.dir/home/gowtham/Projects/pico-sdk/lib/tinyusb/src/class/msc/msc_device.c.obj
LOAD CMakeFiles/app.dir/home/gowtham/Projects/pico-sdk/lib/tinyusb/src/class/net/ecm_rndis_device.c.obj
LOAD CMakeFiles/app.dir/home/gowtham/Projects/pico-sdk/lib/tinyusb/src/class/net/ncm_device.c.obj
LOAD CMakeFiles/app.dir/home/gowtham/Projects/pico-sdk/lib/tinyusb/src/class/usbtmc/usbtmc_device.c.obj
LOAD CMakeFiles/app.dir/home/gowtham/Projects/pico-sdk/lib/tinyusb/src/class/vendor/vendor_device.c.obj
LOAD CMakeFiles/app.dir/home/gowtham/Projects/pico-sdk/lib/tinyusb/src/class/video/video_device.c.obj
LOAD CMakeFiles/app.dir/home/gowtham/Projects/pico-sdk/lib/tinyusb/src/tusb.c.obj
LOAD CMakeFiles/app.dir/home/gowtham/Projects/pico-sdk/lib/tinyusb/src/common/tusb_fifo.c.obj
LOAD CMakeFiles/app.dir/home/gowtham/Projects/pico-sdk/src/rp2_common/pico_fix/rp2040_usb_device_enumeration/rp2040_usb_device_enumeration.c.obj
LOAD CMakeFiles/app.dir/home/gowtham/Projects/FreeRTOS-Kernel/portable/ThirdParty/GCC/RP2040/port.c.obj
LOAD CMakeFiles/app.dir/home/gowtham/Projects/FreeRTOS-Kernel/croutine.c.obj
LOAD CMakeFiles/app.dir/home/gowtham/Projects/FreeRTOS-Kernel/event_groups.c.obj
LOAD CMakeFiles/app.dir/home/gowtham/Projects/FreeRTOS-Kernel/list.c.obj
LOAD CMakeFiles/app.dir/home/gowtham/Projects/FreeRTOS-Kernel/queue.c.obj
LOAD CMakeFiles/app.dir/home/gowtham/Projects/FreeRTOS-Kernel/stream_buffer.c.obj
LOAD CMakeFiles/app.dir/home/gowtham/Projects/FreeRTOS-Kernel/tasks.c.obj
LOAD CMakeFiles/app.dir/home/gowtham/Projects/FreeRTOS-Kernel/timers.c.obj
LOAD CMakeFiles/app.dir/home/gowtham/Projects/pico-sdk/src/rp2_common/hardware_exception/exception.c.obj
LOAD CMakeFiles/app.dir/home/gowtham/Projects/pico-sdk/src/rp2_common/pico_multicore/multicore.c.obj
LOAD CMakeFiles/app.dir/home/gowtham/Projects/FreeRTOS-Kernel/portable/MemMang/heap_4.c.obj
LOAD CMakeFiles/app.dir/home/gowtham/Projects/pico-sdk/src/rp2_common/hardware_adc/adc.c.obj
LOAD /tmp/ccxac39g.o
LOAD /usr/lib/gcc/arm-none-eabi/13.2.1/../../../arm-none-eabi/lib/thumb/v6-m/nofp/libstdc++.a
LOAD /usr/lib/gcc/arm-none-eabi/13.2.1/../../../arm-none-eabi/lib/thumb/v6-m/nofp/libm.a
START GROUP
LOAD /usr/lib/gcc/arm-none-eabi/13.2.1/thumb/v6-m/nofp/libgcc.a
LOAD /usr/lib/gcc/arm-none-eabi/13.2.1/../../../arm-none-eabi/lib/thumb/v6-m/nofp/libg.a
LOAD /usr/lib/gcc/arm-none-eabi/13.2.1/../../../arm-none-eabi/lib/thumb/v6-m/nofp/libc.a
END GROUP
START GROUP
LOAD /usr/lib/gcc/arm-none-eabi/13.2.1/thumb/v6-m/nofp/libgcc.a
LOAD /usr/lib/gcc/arm-none-eabi/13.2.1/../../../arm-none-eabi/lib/thumb/v6-m/nofp/libc.a
LOAD /usr/lib/gcc/arm-none-eabi/13.2.1/../../../arm-none-eabi/lib/thumb/v6-m/nofp/libnosys.a
END GROUP
LOAD /usr/lib/gcc/arm-none-eabi/13.2.1/thumb/v6-m/nofp/crtend.o
LOAD /usr/lib/gcc/arm-none-eabi/13.2.1/thumb/v6-m/nofp/crtn.o
OUTPUT(app.elf elf32-littlearm)
LOAD linker stubs

.ARM.attributes
                0x00000000       0x28
 .ARM.attributes
                0x00000000       0x1e /usr/lib/gcc/arm-none-eabi/13.2.1/thumb/v6-m/nofp/crti.o
 .ARM.attributes
                0x0000001e       0x2c /usr/lib/gcc/arm-none-eabi/13.2.1/thumb/v6-m/nofp/crtbegin.o
 .ARM.attributes
                0x0000004a       0x2c CMakeFiles/app.dir/main.c.obj
 .ARM.attributes
                0x00000076       0x2c CMakeFiles/app.dir/home/gowtham/Projects/pico-sdk/src/rp2_common/hardware_gpio/gpio.c.obj
 .ARM.attributes
                0x000000a2       0x2c CMakeFiles/app.dir/home/gowtham/Projects/pico-sdk/src/rp2_common/pico_platform_panic/panic.c.obj
 .ARM.attributes
                0x000000ce       0x2c CMakeFiles/app.dir/home/gowtham/Projects/pico-sdk/src/common/hardware_claim/claim.c.obj
 .ARM.attributes
                0x000000fa       0x2c CMakeFiles/app.dir/home/gowtham/Projects/pico-sdk/src/rp2_common/hardware_sync/sync.c.obj
 .ARM.attributes
                0x00000126       0x2c CMakeFiles/app.dir/home/gowtham/Projects/pico-sdk/src/rp2_common/hardware_sync_spin_lock/sync_spin_lock.c.obj
 .ARM.attributes
                0x00000152       0x2c CMakeFiles/app.dir/home/gowtham/Projects/pico-sdk/src/rp2_common/hardware_irq/irq.c.obj
 .ARM.attributes
                0x0000017e       0x2c CMakeFiles/app.dir/home/gowtham/Projects/pico-sdk/src/common/pico_sync/lock_core.c.obj
 .ARM.attributes
                0x000001aa       0x2c CMakeFiles/app.dir/home/gowtham/Projects/pico-sdk/src/common/pico_sync/mutex.c.obj
 .ARM.attributes
                0x000001d6       0x2c CMakeFiles/app.dir/home/gowtham/Projects/pico-sdk/src/common/pico_time/time.c.obj
 .ARM.attributes
                0x00000202       0x2c CMakeFiles/app.dir/home/gowtham/Projects/pico-sdk/src/rp2_common/hardware_timer/timer.c.obj
 .ARM.attributes
                0x0000022e       0x2c CMakeFiles/app.dir/home/gowtham/Projects/pico-sdk/src/rp2_common/hardware_clocks/clocks.c.obj
 .ARM.attributes
                0x0000025a       0x2c CMakeFiles/app.dir/home/gowtham/Projects/pico-sdk/src/rp2_common/hardware_pll/pll.c.obj
 .ARM.attributes
                0x00000286       0x2c CMakeFiles/app.dir/home/gowtham/Projects/pico-sdk/src/rp2_common/hardware_ticks/ticks.c.obj
 .ARM.attributes
                0x000002b2       0x2c CMakeFiles/app.dir/home/gowtham/Projects/pico-sdk/src/rp2_common/hardware_xosc/xosc.c.obj
 .ARM.attributes
                0x000002de       0x2c CMakeFiles/app.dir/home/gowtham/Projects/pico-sdk/src/rp2_common/pico_runtime/runtime.c.obj
 .ARM.attributes
                0x0000030a       0x2c CMakeFiles/app.dir/home/gowtham/Projects/pico-sdk/src/rp2_common/pico_runtime_init/runtime_init.c.obj
 .ARM.attributes
                0x00000336       0x2c CMakeFiles/app.dir/home/gowtham/Projects/pico-sdk/src/rp2_common/pico_runtime_init/runtime_init_clocks.c.obj
 .ARM.attributes
                0x00000362       0x22 CMakeFiles/app.dir/home/gowtham/Projects/pico-sdk/src/rp2_common/pico_bit_ops/bit_ops_aeabi.S.obj
 .ARM.attributes
                0x00000384       0x2c CMakeFiles/app.dir/home/gowtham/Projects/pico-sdk/src/rp2_common/pico_bootrom/bootrom.c.obj
 .ARM.attributes
                0x000003b0       0x22 CMakeFiles/app.dir/home/gowtham/Projects/pico-sdk/src/rp2_common/pico_divider/divider_hardware.S.obj
 .ARM.attributes
                0x000003d2       0x22 CMakeFiles/app.dir/home/gowtham/Projects/pico-sdk/src/rp2_common/pico_double/double_aeabi_rp2040.S.obj
 .ARM.attributes
                0x000003f4       0x2c CMakeFiles/app.dir/home/gowtham/Projects/pico-sdk/src/rp2_common/pico_double/double_init_rom_rp2040.c.obj
 .ARM.attributes
                0x00000420       0x22 CMakeFiles/app.dir/home/gowtham/Projects/pico-sdk/src/rp2_common/pico_double/double_v1_rom_shim_rp2040.S.obj
 .ARM.attributes
                0x00000442       0x22 CMakeFiles/app.dir/home/gowtham/Projects/pico-sdk/src/rp2_common/pico_float/float_aeabi_rp2040.S.obj
 .ARM.attributes
                0x00000464       0x2c CMakeFiles/app.dir/home/gowtham/Projects/pico-sdk/src/rp2_common/pico_float/float_init_rom_rp2040.c.obj
 .ARM.attributes
                0x00000490       0x22 CMakeFiles/app.dir/home/gowtham/Projects/pico-sdk/src/rp2_common/pico_float/float_v1_rom_shim_rp2040.S.obj
 .ARM.attributes
                0x000004b2       0x2c CMakeFiles/app.dir/home/gowtham/Projects/pico-sdk/src/rp2_common/pico_malloc/malloc.c.obj
 .ARM.attributes
                0x000004de       0x22 CMakeFiles/app.dir/home/gowtham/Projects/pico-sdk/src/rp2_common/pico_mem_ops/mem_ops_aeabi.S.obj
 .ARM.attributes
                0x00000500       0x2c CMakeFiles/app.dir/home/gowtham/Projects/pico-sdk/src/rp2_common/pico_standard_binary_info/standard_binary_info.c.obj
 .ARM.attributes
                0x0000052c       0x2c CMakeFiles/app.dir/home/gowtham/Projects/pico-sdk/src/rp2_common/pico_printf/printf.c.obj
 .ARM.attributes
                0x00000558       0x22 CMakeFiles/app.dir/home/gowtham/Projects/pico-sdk/src/rp2_common/pico_crt0/crt0.S.obj
 .ARM.attributes
                0x0000057a       0x2c CMakeFiles/app.dir/home/gowtham/Projects/pico-sdk/src/rp2_common/pico_clib_interface/newlib_interface.c.obj
 .ARM.attributes
                0x000005a6       0x2c CMakeFiles/app.dir/home/gowtham/Projects/pico-sdk/src/rp2_common/pico_stdio/stdio.c.obj
 .ARM.attributes
                0x000005d2       0x2c CMakeFiles/app.dir/home/gowtham/Projects/pico-sdk/src/rp2_common/pico_unique_id/unique_id.c.obj
 .ARM.attributes
                0x000005fe       0x2c CMakeFiles/app.dir/home/gowtham/Projects/pico-sdk/src/rp2_common/hardware_flash/flash.c.obj
 .ARM.attributes
                0x0000062a       0x2c CMakeFiles/app.dir/home/gowtham/Projects/FreeRTOS-Kernel/portable/ThirdParty/GCC/RP2040/port.c.obj
 .ARM.attributes
                0x00000656       0x2c CMakeFiles/app.dir/home/gowtham/Projects/FreeRTOS-Kernel/event_groups.c.obj
 .ARM.attributes
                0x00000682       0x2c CMakeFiles/app.dir/home/gowtham/Projects/FreeRTOS-Kernel/list.c.obj
 .ARM.attributes
                0x000006ae       0x2c CMakeFiles/app.dir/home/gowtham/Projects/FreeRTOS-Kernel/queue.c.obj
 .ARM.attributes
                0x000006da       0x2c CMakeFiles/app.dir/home/gowtham/Projects/FreeRTOS-Kernel/tasks.c.obj
 .ARM.attributes
                0x00000706       0x2c CMakeFiles/app.dir/home/gowtham/Projects/FreeRTOS-Kernel/timers.c.obj
 .ARM.attributes
                0x00000732       0x2c CMakeFiles/app.dir/home/gowtham/Projects/pico-sdk/src/rp2_common/hardware_exception/exception.c.obj
 .ARM.attributes
                0x0000075e       0x2c CMakeFiles/app.dir/home/gowtham/Projects/pico-sdk/src/rp2_common/pico_multicore/multicore.c.obj
 .ARM.attributes
                0x0000078a       0x2c CMakeFiles/app.dir/home/gowtham/Projects/FreeRTOS-Kernel/portable/MemMang/heap_4.c.obj
 .ARM.attributes
                0x000007b6       0x2c CMakeFiles/app.dir/home/gowtham/Projects/pico-sdk/src/rp2_common/hardware_adc/adc.c.obj
 .ARM.attributes
                0x000007e2       0x22 /tmp/ccxac39g.o
 .ARM.attributes
                0x00000804       0x1e /usr/lib/gcc/arm-none-eabi/13.2.1/thumb/v6-m/nofp/libgcc.a(_dvmd_tls.o)
 .ARM.attributes
                0x00000822       0x2c /usr/lib/gcc/arm-none-eabi/13.2.1/../../../arm-none-eabi/lib/thumb/v6-m/nofp/libg.a(libc_a-atexit.o)
 .ARM.attributes
                0x0000084e       0x2c /usr/lib/gcc/arm-none-eabi/13.2.1/../../../arm-none-eabi/lib/thumb/v6-m/nofp/libg.a(libc_a-strlen-stub.o)
 .ARM.attributes
                0x0000087a       0x2c /usr/lib/gcc/arm-none-eabi/13.2.1/../../../arm-none-eabi/lib/thumb/v6-m/nofp/libg.a(libc_a-fini.o)
 .ARM.attributes
                0x000008a6       0x2c /usr/lib/gcc/arm-none-eabi/13.2.1/../../../arm-none-eabi/lib/thumb/v6-m/nofp/libg.a(libc_a-__atexit.o)
 .ARM.attributes
                0x000008d2       0x2c /usr/lib/gcc/arm-none-eabi/13.2.1/../../../arm-none-eabi/lib/thumb/v6-m/nofp/libg.a(libc_a-__call_atexit.o)
 .ARM.attributes
                0x000008fe       0x2c /usr/lib/gcc/arm-none-eabi/13.2.1/thumb/v6-m/nofp/crtend.o

.comment        0x00000000       0x26
 .comment       0x00000000       0x26 /usr/lib/gcc/arm-none-eabi/13.2.1/thumb/v6-m/nofp/crtbegin.o
                                 0x27 (size before relaxing)
 .comment       0x00000026       0x27 CMakeFiles/app.dir/main.c.obj
 .comment       0x00000026       0x27 CMakeFiles/app.dir/home/gowtham/Projects/pico-sdk/src/rp2_common/hardware_gpio/gpio.c.obj
 .comment       0x00000026       0x27 CMakeFiles/app.dir/home/gowtham/Projects/pico-sdk/src/rp2_common/pico_platform_panic/panic.c.obj
 .comment       0x00000026       0x27 CMakeFiles/app.dir/home/gowtham/Projects/pico-sdk/src/common/hardware_claim/claim.c.obj
 .comment       0x00000026       0x27 CMakeFiles/app.dir/home/gowtham/Projects/pico-sdk/src/rp2_common/hardware_sync/sync.c.obj
 .comment       0x00000026       0x27 CMakeFiles/app.dir/home/gowtham/Projects/pico-sdk/src/rp2_common/hardware_sync_spin_lock/sync_spin_lock.c.obj
 .comment       0x00000026       0x27 CMakeFiles/app.dir/home/gowtham/Projects/pico-sdk/src/rp2_common/hardware_irq/irq.c.obj
 .comment       0x00000026       0x27 CMakeFiles/app.dir/home/gowtham/Projects/pico-sdk/src/common/pico_sync/lock_core.c.obj
 .comment       0x00000026       0x27 CMakeFiles/app.dir/home/gowtham/Projects/pico-sdk/src/common/pico_sync/mutex.c.obj
 .comment       0x00000026       0x27 CMakeFiles/app.dir/home/gowtham/Projects/pico-sdk/src/common/pico_time/time.c.obj
 .comment       0x00000026       0x27 CMakeFiles/app.dir/home/gowtham/Projects/pico-sdk/src/rp2_common/hardware_timer/timer.c.obj
 .comment       0x00000026       0x27 CMakeFiles/app.dir/home/gowtham/Projects/pico-sdk/src/rp2_common/hardware_clocks/clocks.c.obj
 .comment       0x00000026       0x27 CMakeFiles/app.dir/home/gowtham/Projects/pico-sdk/src/rp2_common/hardware_pll/pll.c.obj
 .comment       0x00000026       0x27 CMakeFiles/app.dir/home/gowtham/Projects/pico-sdk/src/rp2_common/hardware_ticks/ticks.c.obj
 .comment       0x00000026       0x27 CMakeFiles/app.dir/home/gowtham/Projects/pico-sdk/src/rp2_common/hardware_xosc/xosc.c.obj
 .comment       0x00000026       0x27 CMakeFiles/app.dir/home/gowtham/Projects/pico-sdk/src/rp2_common/pico_runtime/runtime.c.obj
 .comment       0x00000026       0x27 CMakeFiles/app.dir/home/gowtham/Projects/pico-sdk/src/rp2_common/pico_runtime_init/runtime_init.c.obj
 .comment       0x00000026       0x27 CMakeFiles/app.dir/home/gowtham/Projects/pico-sdk/src/rp2_common/pico_runtime_init/runtime_init_clocks.c.obj
 .comment       0x00000026       0x27 CMakeFiles/app.dir/home/gowtham/Projects/pico-sdk/src/rp2_common/pico_bootrom/bootrom.c.obj
 .comment       0x00000026       0x27 CMakeFiles/app.dir/home/gowtham/Projects/pico-sdk/src/rp2_common/pico_double/double_init_rom_rp2040.c.obj
 .comment       0x00000026       0x27 CMakeFiles/app.dir/home/gowtham/Projects/pico-sdk/src/rp2_common/pico_float/float_init_rom_rp2040.c.obj
 .comment       0x00000026       0x27 CMakeFiles/app.dir/home/gowtham/Projects/pico-sdk/src/rp2_common/pico_malloc/malloc.c.obj
 .comment       0x00000026       0x27 CMakeFiles/app.dir/home/gowtham/Projects/pico-sdk/src/rp2_common/pico_standard_binary_info/standard_binary_info.c.obj
 .comment       0x00000026       0x27 CMakeFiles/app.dir/home/gowtham/Projects/pico-sdk/src/rp2_common/pico_printf/printf.c.obj
 .comment       0x00000026       0x27 CMakeFiles/app.dir/home/gowtham/Projects/pico-sdk/src/rp2_common/pico_clib_interface/newlib_interface.c.obj
 .comment       0x00000026       0x27 CMakeFiles/app.dir/home/gowtham/Projects/pico-sdk/src/rp2_common/pico_stdio/stdio.c.obj
 .comment       0x00000026       0x27 CMakeFiles/app.dir/home/gowtham/Projects/pico-sdk/src/rp2_common/pico_unique_id/unique_id.c.obj
 .comment       0x00000026       0x27 CMakeFiles/app.dir/home/gowtham/Projects/pico-sdk/src/rp2_common/hardware_flash/flash.c.obj
 .comment       0x00000026       0x27 CMakeFiles/app.dir/home/gowtham/Projects/FreeRTOS-Kernel/portable/ThirdParty/GCC/RP2040/port.c.obj
 .comment       0x00000026       0x27 CMakeFiles/app.dir/home/gowtham/Projects/FreeRTOS-Kernel/event_groups.c.obj
 .comment       0x00000026       0x27 CMakeFiles/app.dir/home/gowtham/Projects/FreeRTOS-Kernel/list.c.obj
 .comment       0x00000026       0x27 CMakeFiles/app.dir/home/gowtham/Projects/FreeRTOS-Kernel/queue.c.obj
 .comment       0x00000026       0x27 CMakeFiles/app.dir/home/gowtham/Projects/FreeRTOS-Kernel/tasks.c.obj
 .comment       0x00000026       0x27 CMakeFiles/app.dir/home/gowtham/Projects/FreeRTOS-Kernel/timers.c.obj
 .comment       0x00000026       0x27 CMakeFiles/app.dir/home/gowtham/Projects/pico-sdk/src/rp2_common/hardware_exception/exception.c.obj
 .comment       0x00000026       0x27 CMakeFiles/app.dir/home/gowtham/Projects/pico-sdk/src/rp2_common/pico_multicore/multicore.c.obj
 .comment       0x00000026       0x27 CMakeFiles/app.dir/home/gowtham/Projects/FreeRTOS-Kernel/portable/MemMang/heap_4.c.obj
 .comment       0x00000026       0x27 CMakeFiles/app.dir/home/gowtham/Projects/pico-sdk/src/rp2_common/hardware_adc/adc.c.obj
 .comment       0x00000026       0x27 /usr/lib/gcc/arm-none-eabi/13.2.1/../../../arm-none-eabi/lib/thumb/v6-m/nofp/libg.a(libc_a-atexit.o)
 .comment       0x00000026       0x27 /usr/lib/gcc/arm-none-eabi/13.2.1/../../../arm-none-eabi/lib/thumb/v6-m/nofp/libg.a(libc_a-strlen-stub.o)
 .comment       0x00000026       0x27 /usr/lib/gcc/arm-none-eabi/13.2.1/../../../arm-none-eabi/lib/thumb/v6-m/nofp/libg.a(libc_a-fini.o)
 .comment       0x00000026       0x27 /usr/lib/gcc/arm-none-eabi/13.2.1/../../../arm-none-eabi/lib/thumb/v6-m/nofp/libg.a(libc_a-__atexit.o)
 .comment       0x00000026       0x27 /usr/lib/gcc/arm-none-eabi/13.2.1/../../../arm-none-eabi/lib/thumb/v6-m/nofp/libg.a(libc_a-__call_atexit.o)
 .comment       0x00000026       0x27 /usr/lib/gcc/arm-none-eabi/13.2.1/thumb/v6-m/nofp/crtend.o

.debug_info     0x00000000    0x33c29
 .debug_info    0x00000000      0xd74 CMakeFiles/app.dir/main.c.obj
 .debug_info    0x00000d74     0x2407 CMakeFiles/app.dir/home/gowtham/Projects/pico-sdk/src/rp2_common/hardware_gpio/gpio.c.obj
 .debug_info    0x0000317b      0x1bf CMakeFiles/app.dir/home/gowtham/Projects/pico-sdk/src/rp2_common/pico_platform_panic/panic.c.obj
 .debug_info    0x0000333a      0x97d CMakeFiles/app.dir/home/gowtham/Projects/pico-sdk/src/common/hardware_claim/claim.c.obj
 .debug_info    0x00003cb7      0x440 CMakeFiles/app.dir/home/gowtham/Projects/pico-sdk/src/rp2_common/hardware_sync/sync.c.obj
 .debug_info    0x000040f7      0x239 CMakeFiles/app.dir/home/gowtham/Projects/pico-sdk/src/rp2_common/hardware_sync_spin_lock/sync_spin_lock.c.obj
 .debug_info    0x00004330     0x2160 CMakeFiles/app.dir/home/gowtham/Projects/pico-sdk/src/rp2_common/hardware_irq/irq.c.obj
 .debug_info    0x00006490      0x153 CMakeFiles/app.dir/home/gowtham/Projects/pico-sdk/src/common/pico_sync/lock_core.c.obj
 .debug_info    0x000065e3     0x21b1 CMakeFiles/app.dir/home/gowtham/Projects/pico-sdk/src/common/pico_sync/mutex.c.obj
 .debug_info    0x00008794     0x480d CMakeFiles/app.dir/home/gowtham/Projects/pico-sdk/src/common/pico_time/time.c.obj
 .debug_info    0x0000cfa1     0x2abc CMakeFiles/app.dir/home/gowtham/Projects/pico-sdk/src/rp2_common/hardware_timer/timer.c.obj
 .debug_info    0x0000fa5d     0x28ed CMakeFiles/app.dir/home/gowtham/Projects/pico-sdk/src/rp2_common/hardware_clocks/clocks.c.obj
 .debug_info    0x0001234a      0x4cd CMakeFiles/app.dir/home/gowtham/Projects/pico-sdk/src/rp2_common/hardware_pll/pll.c.obj
 .debug_info    0x00012817      0x230 CMakeFiles/app.dir/home/gowtham/Projects/pico-sdk/src/rp2_common/hardware_ticks/ticks.c.obj
 .debug_info    0x00012a47      0x1b4 CMakeFiles/app.dir/home/gowtham/Projects/pico-sdk/src/rp2_common/hardware_xosc/xosc.c.obj
 .debug_info    0x00012bfb      0x20e CMakeFiles/app.dir/home/gowtham/Projects/pico-sdk/src/rp2_common/pico_runtime/runtime.c.obj
 .debug_info    0x00012e09      0x77d CMakeFiles/app.dir/home/gowtham/Projects/pico-sdk/src/rp2_common/pico_runtime_init/runtime_init.c.obj
 .debug_info    0x00013586      0x768 CMakeFiles/app.dir/home/gowtham/Projects/pico-sdk/src/rp2_common/pico_runtime_init/runtime_init_clocks.c.obj
 .debug_info    0x00013cee       0x23 CMakeFiles/app.dir/home/gowtham/Projects/pico-sdk/src/rp2_common/pico_bit_ops/bit_ops_aeabi.S.obj
 .debug_info    0x00013d11      0x4eb CMakeFiles/app.dir/home/gowtham/Projects/pico-sdk/src/rp2_common/pico_bootrom/bootrom.c.obj
 .debug_info    0x000141fc       0x23 CMakeFiles/app.dir/home/gowtham/Projects/pico-sdk/src/rp2_common/pico_divider/divider_hardware.S.obj
 .debug_info    0x0001421f       0x23 CMakeFiles/app.dir/home/gowtham/Projects/pico-sdk/src/rp2_common/pico_double/double_aeabi_rp2040.S.obj
 .debug_info    0x00014242      0x25f CMakeFiles/app.dir/home/gowtham/Projects/pico-sdk/src/rp2_common/pico_double/double_init_rom_rp2040.c.obj
 .debug_info    0x000144a1       0x23 CMakeFiles/app.dir/home/gowtham/Projects/pico-sdk/src/rp2_common/pico_double/double_v1_rom_shim_rp2040.S.obj
 .debug_info    0x000144c4       0x23 CMakeFiles/app.dir/home/gowtham/Projects/pico-sdk/src/rp2_common/pico_float/float_aeabi_rp2040.S.obj
 .debug_info    0x000144e7      0x25f CMakeFiles/app.dir/home/gowtham/Projects/pico-sdk/src/rp2_common/pico_float/float_init_rom_rp2040.c.obj
 .debug_info    0x00014746       0x23 CMakeFiles/app.dir/home/gowtham/Projects/pico-sdk/src/rp2_common/pico_float/float_v1_rom_shim_rp2040.S.obj
 .debug_info    0x00014769      0x5f5 CMakeFiles/app.dir/home/gowtham/Projects/pico-sdk/src/rp2_common/pico_malloc/malloc.c.obj
 .debug_info    0x00014d5e       0x23 CMakeFiles/app.dir/home/gowtham/Projects/pico-sdk/src/rp2_common/pico_mem_ops/mem_ops_aeabi.S.obj
 .debug_info    0x00014d81      0x25e CMakeFiles/app.dir/home/gowtham/Projects/pico-sdk/src/rp2_common/pico_standard_binary_info/standard_binary_info.c.obj
 .debug_info    0x00014fdf     0x2102 CMakeFiles/app.dir/home/gowtham/Projects/pico-sdk/src/rp2_common/pico_printf/printf.c.obj
 .debug_info    0x000170e1       0x23 CMakeFiles/app.dir/home/gowtham/Projects/pico-sdk/src/rp2_common/pico_crt0/crt0.S.obj
 .debug_info    0x00017104      0xb54 CMakeFiles/app.dir/home/gowtham/Projects/pico-sdk/src/rp2_common/pico_clib_interface/newlib_interface.c.obj
 .debug_info    0x00017c58     0x1b7b CMakeFiles/app.dir/home/gowtham/Projects/pico-sdk/src/rp2_common/pico_stdio/stdio.c.obj
 .debug_info    0x000197d3      0x1ee CMakeFiles/app.dir/home/gowtham/Projects/pico-sdk/src/rp2_common/pico_unique_id/unique_id.c.obj